 dll

 Timestamp is 5dd494ab (Tue Nov 19 20:19:39 2019)

 Preferred load address is 10000000

 Start         Length     Name                   Class
 0001:00000000 00000120H .text$di                CODE
 0001:00000120 000152c0H .text$mn                CODE
 0001:000153e0 000008e0H .text$x                 CODE
 0001:00015cc0 00000082H .text$yd                CODE
 0002:00000000 00000210H .idata$5                DATA
 0002:00000210 00000004H .00cfg                  DATA
 0002:00000214 00000004H .CRT$XCA                DATA
 0002:00000218 00000004H .CRT$XCL                DATA
 0002:0000021c 00000024H .CRT$XCU                DATA
 0002:00000240 00000004H .CRT$XCZ                DATA
 0002:00000244 00000004H .CRT$XIA                DATA
 0002:00000248 00000004H .CRT$XIC                DATA
 0002:0000024c 00000004H .CRT$XIZ                DATA
 0002:00000250 00000004H .CRT$XLA                DATA
 0002:00000254 00000004H .CRT$XLZ                DATA
 0002:00000258 00000004H .CRT$XPA                DATA
 0002:0000025c 00000004H .CRT$XPZ                DATA
 0002:00000260 00000004H .CRT$XTA                DATA
 0002:00000264 0000000cH .CRT$XTZ                DATA
 0002:00000268 00000000H .gfids$y                DATA
 0002:00000270 00001704H .rdata                  DATA
 0002:00001974 00000018H .rdata$T                DATA
 0002:0000198c 000005e4H .rdata$r                DATA
 0002:00001f70 000000b4H .rdata$sxdata           DATA
 0002:00002024 00000388H .rdata$zzzdbg           DATA
 0002:000023ac 00000004H .rtc$IAA                DATA
 0002:000023b0 00000004H .rtc$IZZ                DATA
 0002:000023b4 00000004H .rtc$TAA                DATA
 0002:000023b8 00000004H .rtc$TZZ                DATA
 0002:000023bc 00000004H .tls                    DATA
 0002:000023c0 00000004H .tls$                   DATA
 0002:000023c4 00000004H .tls$ZZZ                DATA
 0002:000023c8 00000aa8H .xdata$x                DATA
 0002:00002e70 00000000H .edata                  DATA
 0002:00002e70 000000c8H .idata$2                DATA
 0002:00002f38 00000014H .idata$3                DATA
 0002:00002f4c 00000210H .idata$4                DATA
 0002:0000315c 000012daH .idata$6                DATA
 0003:00000000 000000f8H .data                   DATA
 0003:000000f8 00000348H .data$r                 DATA
 0003:00000440 00001c84H .bss                    DATA
 0004:00000000 00000060H .rsrc$01                DATA
 0004:00000060 00000098H .rsrc$02                DATA

  Address         Publics by Value              Rva+Base       Lib:Object

 0000:00000000       ___guard_fids_count        00000000     <absolute>
 0000:00000000       ___guard_longjmp_table     00000000     <absolute>
 0000:00000000       ___enclave_config          00000000     <absolute>
 0000:00000000       ___dynamic_value_reloc_table 00000000     <absolute>
 0000:00000000       ___hybrid_code_map_count   00000000     <absolute>
 0000:00000000       ___guard_iat_table         00000000     <absolute>
 0000:00000000       ___volatile_metadata       00000000     <absolute>
 0000:00000000       ___hybrid_code_map         00000000     <absolute>
 0000:00000000       ___hybrid_auxiliary_iat    00000000     <absolute>
 0000:00000000       ___guard_fids_table        00000000     <absolute>
 0000:00000000       ___guard_longjmp_count     00000000     <absolute>
 0000:00000000       ___AbsoluteZero            00000000     <absolute>
 0000:00000000       ___guard_iat_count         00000000     <absolute>
 0000:0000002c       __tls_array                0000002c     <absolute>
 0000:0000002d       ___safe_se_handler_count   0000002d     <absolute>
 0000:00000100       ___guard_flags             00000100     <absolute>
 0000:00000000       ___ImageBase               10000000     <linker-defined>
 0001:00000120       ??$?0$$V@?$_Compressed_pair@V?$allocator@H@std@@V?$_Vector_val@U?$_Simple_types@H@std@@@2@$00@std@@QAE@U_Zero_then_variadic_args_t@1@@Z 10001120 f i aimbot.obj
 0001:00000120       ??$?0$$V@?$_Compressed_pair@V?$allocator@U?$pair@PAVc_baseentity@@Vvector@@@std@@@std@@V?$_Vector_val@U?$_Simple_types@U?$pair@PAVc_baseentity@@Vvector@@@std@@@std@@@2@$00@std@@QAE@U_Zero_then_variadic_args_t@1@@Z 10001120 f i resolver.obj
 0001:00000140       ??$_Allocate@$07U_Default_allocate_traits@std@@$0A@@std@@YAPAXI@Z 10001140 f i aimbot.obj
 0001:00000180       ??$_Allocate_manually_vector_aligned@U_Default_allocate_traits@std@@@std@@YAPAXI@Z 10001180 f i aimbot.obj
 0001:000001f0       ??$_Copy_memmove@PAHPAH@std@@YAPAHPAH00@Z 100011f0 f i aimbot.obj
 0001:00000230       ??$_Deallocate@$07$0A@@std@@YAXPAXI@Z 10001230 f i aimbot.obj
 0001:00000290       ??$_Destroy_in_place@PAD@std@@YAXAAPAD@Z 10001290 f i misc.obj
 0001:00000290       ??$_Destroy_range@V?$allocator@H@std@@@std@@YAXPAHQAHAAV?$allocator@H@0@@Z 10001290 f i aimbot.obj
 0001:00000290       ??$_Adl_verify_range@PADPAD@std@@YAXABQAD0@Z 10001290 f i visuals.obj
 0001:00000290       ??$_Pocca@V?$allocator@D@std@@@std@@YAXAAV?$allocator@D@0@ABV10@@Z 10001290 f i menu.obj
 0001:00000290       ??$_Destroy_range@V?$allocator@U?$pair@PAVc_baseentity@@Vvector@@@std@@@std@@@std@@YAXPAU?$pair@PAVc_baseentity@@Vvector@@@0@QAU10@AAV?$allocator@U?$pair@PAVc_baseentity@@Vvector@@@std@@@0@@Z 10001290 f i resolver.obj
 0001:000002a0       ??$_Emplace_back_with_unused_capacity@H@?$vector@HV?$allocator@H@std@@@std@@AAEX$$QAH@Z 100012a0 f i aimbot.obj
 0001:00000320       ??$_Emplace_reallocate@H@?$vector@HV?$allocator@H@std@@@std@@QAEPAHQAH$$QAH@Z 10001320 f i aimbot.obj
 0001:000004f0       ??$_Get_size_of_n@$03@std@@YAII@Z 100014f0 f i aimbot.obj
 0001:00000520       ??$_Unfancy@D@std@@YAPADPAD@Z 10001520 f i misc.obj
 0001:00000520       ??$addressof@V?$basic_stringbuf@DU?$char_traits@D@std@@V?$allocator@D@2@@std@@@std@@YAPAV?$basic_stringbuf@DU?$char_traits@D@std@@V?$allocator@D@2@@0@AAV10@@Z 10001520 f i visuals.obj
 0001:00000520       ??$move@AAV?$allocator@D@std@@@std@@YA$$QAV?$allocator@D@0@AAV10@@Z 10001520 f i visuals.obj
 0001:00000520       ??$_Get_unwrapped@H@std@@YAPAHQAH@Z 10001520 f i aimbot.obj
 0001:00000520       ??$_Get_unwrapped@D@std@@YAPADQAD@Z 10001520 f i visuals.obj
 0001:00000520       ??$addressof@$$CBV?$_String_val@U?$_Simple_types@D@std@@@std@@@std@@YAPBV?$_String_val@U?$_Simple_types@D@std@@@0@ABV10@@Z 10001520 f i visuals.obj
 0001:00000520       ??$forward@ABQAD@std@@YAABQADABQAD@Z 10001520 f i misc.obj
 0001:00000520       ??$_Unfancy@H@std@@YAPAHPAH@Z 10001520 f i aimbot.obj
 0001:00000520       ??$addressof@$$CBV?$basic_string@DU?$char_traits@D@std@@V?$allocator@D@2@@std@@@std@@YAPBV?$basic_string@DU?$char_traits@D@std@@V?$allocator@D@2@@0@ABV10@@Z 10001520 f i menu.obj
 0001:00000520       ??$_Convert_size@I@std@@YAII@Z 10001520 f i misc.obj
 0001:00000520       ??$forward@AAPAVvmt_hook@@@std@@YAAAPAVvmt_hook@@AAPAV1@@Z 10001520 f i setup.obj
 0001:00000520       ??$forward@U?$default_delete@Vvmt_hook@@@std@@@std@@YA$$QAU?$default_delete@Vvmt_hook@@@0@AAU10@@Z 10001520 f i setup.obj
 0001:00000520       ??$move@AAH@std@@YA$$QAHAAH@Z 10001520 f i aimbot.obj
 0001:00000520       ??$forward@V?$allocator@D@std@@@std@@YA$$QAV?$allocator@D@0@AAV10@@Z 10001520 f i visuals.obj
 0001:00000520       ??$addressof@V?$_String_val@U?$_Simple_types@D@std@@@std@@@std@@YAPAV?$_String_val@U?$_Simple_types@D@std@@@0@AAV10@@Z 10001520 f i visuals.obj
 0001:00000520       ??$addressof@D@std@@YAPADAAD@Z 10001520 f i visuals.obj
 0001:00000520       ??$addressof@PAD@std@@YAPAPADAAPAD@Z 10001520 f i misc.obj
 0001:00000520       ??$forward@ABV?$allocator@D@std@@@std@@YAABV?$allocator@D@0@ABV10@@Z 10001520 f i misc.obj
 0001:00000520       ??$forward@H@std@@YA$$QAHAAH@Z 10001520 f i aimbot.obj
 0001:00000520       ??$forward@AAPAV_Facet_base@std@@@std@@YAAAPAV_Facet_base@0@AAPAV10@@Z 10001520 f i visuals.obj
 0001:00000520       ??$addressof@V?$unique_ptr@Vvmt_hook@@U?$default_delete@Vvmt_hook@@@std@@@std@@@std@@YAPAV?$unique_ptr@Vvmt_hook@@U?$default_delete@Vvmt_hook@@@std@@@0@AAV10@@Z 10001520 f i setup.obj
 0001:00000530       ??$_Min_value@I@std@@YAABIABI0@Z 10001530 f i aimbot.obj
 0001:00000560       ??$_Uninitialized_move@PAHV?$allocator@H@std@@@std@@YAPAHQAH0PAHAAV?$allocator@H@0@@Z 10001560 f i aimbot.obj
 0001:000005c0       ??$call_vfunc@P6EKPAX@Z@u@@YAP6EKPAX@ZQAXH@Z 100015c0 f i setup.obj
 0001:000005c0       ??$call_vfunc@P6EPAVuser_cmd@@PAXHH@Z@u@@YAP6EPAVuser_cmd@@PAXHH@ZQAXH@Z 100015c0 f i setup.obj
 0001:000005c0       ??$call_vfunc@P6EXPAXAAVvector@@@Z@u@@YAP6EXPAXAAVvector@@@ZQAXH@Z 100015c0 f i aimbot.obj
 0001:000005c0       ??$call_vfunc@P6EXPAXABUray_t@@IPAVc_baseentity@@PAVgame_trace@@@Z@u@@YAP6EXPAXABUray_t@@IPAVc_baseentity@@PAVgame_trace@@@ZQAXH@Z 100015c0 f i aimbot.obj
 0001:000005c0       ??$call_vfunc@P6EHPAXH@Z@u@@YAP6EHPAXH@ZQAXH@Z 100015c0 f i hooks.obj
 0001:000005c0       ??$call_vfunc@P6EXPAXM@Z@u@@YAP6EXPAXM@ZQAXH@Z 100015c0 f i misc.obj
 0001:000005c0       ??$call_vfunc@P6EPAVclient_class@@PAX@Z@u@@YAP6EPAVclient_class@@PAX@ZQAXH@Z 100015c0 f i aimbot.obj
 0001:000005c0       ??$call_vfunc@P6EPAVweapon_info@@PAX@Z@u@@YAP6EPAVweapon_info@@PAX@ZQAXH@Z 100015c0 f i aimbot.obj
 0001:000005c0       ??$call_vfunc@P6EXPAXVcolor@@@Z@u@@YAP6EXPAXVcolor@@@ZQAXH@Z 100015c0 f i draw.obj
 0001:000005c0       ??$call_vfunc@P6EXPAXPB_WHH@Z@u@@YAP6EXPAXPB_WHH@ZQAXH@Z 100015c0 f i draw.obj
 0001:000005c0       ??$call_vfunc@P6EXPAXPBD@Z@u@@YAP6EXPAXPBD@ZQAXH@Z 100015c0 f i hooks.obj
 0001:000005c0       ??$call_vfunc@P6EPBDPAXI@Z@u@@YAP6EPBDPAXI@ZQAXH@Z 100015c0 f i setup.obj
 0001:000005c0       ??$call_vfunc@P6EMPAX@Z@u@@YAP6EMPAX@ZQAXH@Z 100015c0 f i aimbot.obj
 0001:000005c0       ??$call_vfunc@P6EAAVvector@@PAX@Z@u@@YAP6EAAVvector@@PAX@ZQAXH@Z 100015c0 f i aimbot.obj
 0001:000005c0       ??$call_vfunc@P6EXPAXH@Z@u@@YAP6EXPAXH@ZQAXH@Z 100015c0 f i misc.obj
 0001:000005c0       ??$call_vfunc@P6E_NPAXW4buttoncode_t@@@Z@u@@YAP6E_NPAXW4buttoncode_t@@@ZQAXH@Z 100015c0 f i hvh.obj
 0001:000005c0       ??$call_vfunc@P6EXPAXABUray_t@@IPAVitracefilter@@PAVgame_trace@@@Z@u@@YAP6EXPAXABUray_t@@IPAVitracefilter@@PAVgame_trace@@@ZQAXH@Z 100015c0 f i aimbot.obj
 0001:000005c0       ??$call_vfunc@P6E_NPAXPAY123MHHM@Z@u@@YAP6E_NPAXPAY123MHHM@ZQAXH@Z 100015c0 f i aimbot.obj
 0001:000005c0       ??$call_vfunc@P6EHPAXABVvector@@AAV1@@Z@u@@YAP6EHPAXABVvector@@AAV1@@ZQAXH@Z 100015c0 f i visuals.obj
 0001:000005c0       ??$call_vfunc@P6EPAVinetchannel@@PAX@Z@u@@YAP6EPAVinetchannel@@PAX@ZQAXH@Z 100015c0 f i hvh.obj
 0001:000005c0       ??$call_vfunc@P6EXPAXKPB_WAAH2@Z@u@@YAP6EXPAXKPB_WAAH2@ZQAXH@Z 100015c0 f i visuals.obj
 0001:000005c0       ??$call_vfunc@P6EXPAXKPBDHHHHHHH@Z@u@@YAP6EXPAXKPBDHHHHHHH@ZQAXH@Z 100015c0 f i setup.obj
 0001:000005c0       ??$call_vfunc@P6E_NPAX@Z@u@@YAP6E_NPAX@ZQAXH@Z 100015c0 f i aimbot.obj
 0001:000005c0       ??$call_vfunc@P6EHPAX@Z@u@@YAP6EHPAX@ZQAXH@Z 100015c0 f i aimbot.obj
 0001:000005c0       ??$call_vfunc@P6EXPAXK@Z@u@@YAP6EXPAXK@ZQAXH@Z 100015c0 f i draw.obj
 0001:000005c0       ??$call_vfunc@P6EPAUmodel_t@@PAX@Z@u@@YAP6EPAUmodel_t@@PAX@ZQAXH@Z 100015c0 f i aimbot.obj
 0001:000005c0       ??$call_vfunc@P6E_NPAXHPAUplayer_info_s@@@Z@u@@YAP6E_NPAXHPAUplayer_info_s@@@ZQAXH@Z 100015c0 f i aimbot.obj
 0001:000005c0       ??$call_vfunc@P6EPAXPAX@Z@u@@YAP6EPAXPAX@ZQAXH@Z 100015c0 f i visuals.obj
 0001:000005c0       ??$call_vfunc@P6EXPAXAAH1@Z@u@@YAP6EXPAXAAH1@ZQAXH@Z 100015c0 f i visuals.obj
 0001:000005c0       ??$call_vfunc@P6EXPAXHHHH@Z@u@@YAP6EXPAXHHHH@ZQAXH@Z 100015c0 f i draw.obj
 0001:000005c0       ??$call_vfunc@P6EPAVinetchannelinfo@@PAX@Z@u@@YAP6EPAVinetchannelinfo@@PAX@ZQAXH@Z 100015c0 f i visuals.obj
 0001:000005c0       ??$call_vfunc@P6EXPAXHH@Z@u@@YAP6EXPAXHH@ZQAXH@Z 100015c0 f i draw.obj
 0001:000005d0       ??$construct@HH@?$_Default_allocator_traits@V?$allocator@H@std@@@std@@SAXAAV?$allocator@H@1@QAH$$QAH@Z 100015d0 f i aimbot.obj
 0001:00000600       ??$emplace_back@H@?$vector@HV?$allocator@H@std@@@std@@QAEX$$QAH@Z 10001600 f i aimbot.obj
 0001:00000660       ??0?$_Vector_val@U?$_Simple_types@H@std@@@std@@QAE@XZ 10001660 f i aimbot.obj
 0001:00000660       ??0?$_Vector_val@U?$_Simple_types@U?$pair@PAVc_baseentity@@Vvector@@@std@@@std@@@std@@QAE@XZ 10001660 f i resolver.obj
 0001:00000690       ?_Get_first@?$_Compressed_pair@V?$allocator@H@std@@V?$_Vector_val@U?$_Simple_types@H@std@@@2@$00@std@@QAEAAV?$allocator@H@2@XZ 10001690 f i aimbot.obj
 0001:00000690       ?_Get_first@?$_Compressed_pair@V?$allocator@H@std@@V?$_Vector_val@U?$_Simple_types@H@std@@@2@$00@std@@QBEABV?$allocator@H@2@XZ 10001690 f i aimbot.obj
 0001:00000690       ?_Get_first@?$_Compressed_pair@V?$allocator@D@std@@V?$_String_val@U?$_Simple_types@D@std@@@2@$00@std@@QBEABV?$allocator@D@2@XZ 10001690 f i misc.obj
 0001:00000690       ??0?$allocator@D@std@@QAE@XZ 10001690 f i misc.obj
 0001:00000690       ?_Get_first@?$_Compressed_pair@U?$default_delete@Vvmt_hook@@@std@@PAVvmt_hook@@$00@std@@QAEAAU?$default_delete@Vvmt_hook@@@2@XZ 10001690 f i hooks.obj
 0001:00000690       ?_Get_first@?$_Compressed_pair@V?$allocator@U?$pair@PAVc_baseentity@@Vvector@@@std@@@std@@V?$_Vector_val@U?$_Simple_types@U?$pair@PAVc_baseentity@@Vvector@@@std@@@std@@@2@$00@std@@QAEAAV?$allocator@U?$pair@PAVc_baseentity@@Vvector@@@std@@@2@XZ 10001690 f i resolver.obj
 0001:00000690       ??0?$allocator@U?$pair@PAVc_baseentity@@Vvector@@@std@@@std@@QAE@XZ 10001690 f i resolver.obj
 0001:00000690       ??0_Bxty@?$_String_val@U?$_Simple_types@D@std@@@std@@QAE@XZ 10001690 f i misc.obj
 0001:00000690       ?_Get_first@?$_Compressed_pair@U?$default_delete@V_Facet_base@std@@@std@@PAV_Facet_base@2@$00@std@@QAEAAU?$default_delete@V_Facet_base@std@@@2@XZ 10001690 f i visuals.obj
 0001:00000690       ??0?$allocator@H@std@@QAE@XZ 10001690 f i aimbot.obj
 0001:00000690       ?_Get_first@?$_Compressed_pair@V?$allocator@D@std@@V?$_String_val@U?$_Simple_types@D@std@@@2@$00@std@@QAEAAV?$allocator@D@2@XZ 10001690 f i misc.obj
 0001:000006a0       ??0?$vector@HV?$allocator@H@std@@@std@@QAE@XZ 100016a0 f i aimbot.obj
 0001:000006a0       ??0?$vector@U?$pair@PAVc_baseentity@@Vvector@@@std@@V?$allocator@U?$pair@PAVc_baseentity@@Vvector@@@std@@@2@@std@@QAE@XZ 100016a0 f i resolver.obj
 0001:00000700       ??0bad_alloc@std@@AAE@QBD@Z 10001700 f i aimbot.obj
 0001:00000730       ??0bad_alloc@std@@QAE@ABV01@@Z 10001730 f i aimbot.obj
 0001:00000760       ??0bad_array_new_length@std@@QAE@ABV01@@Z 10001760 f i aimbot.obj
 0001:00000790       ??0bad_array_new_length@std@@QAE@XZ 10001790 f i aimbot.obj
 0001:000007c0       ??0base_trace@@QAE@XZ      100017c0 f i aimbot.obj
 0001:000007f0       ??0exception@std@@QAE@ABV01@@Z 100017f0 f i aimbot.obj
 0001:00000830       ??0exception@std@@QAE@QBDH@Z 10001830 f i aimbot.obj
 0001:00000860       ??0game_trace@@QAE@XZ      10001860 f i aimbot.obj
 0001:00000880       ??0itracefilter@@QAE@XZ    10001880 f i aimbot.obj
 0001:000008a0       ??0vector_aligned@@QAE@XZ  100018a0 f i aimbot.obj
 0001:000008a0       ??0plane_t@@QAE@XZ         100018a0 f i aimbot.obj
 0001:000008c0       ??0ray_t@@QAE@Vvector@@0@Z 100018c0 f i aimbot.obj
 0001:00000910       ??0ray_t@@QAE@XZ           10001910 f i aimbot.obj
 0001:00000960       ??0trace_filter@@QAE@PAVc_baseentity@@W4trace_type_t@@@Z 10001960 f i aimbot.obj
 0001:00000990       ??0vector@@QAE@MMM@Z       10001990 f i aimbot.obj
 0001:000009d0       ??0vector@@QAE@XZ          100019d0 f i aimbot.obj
 0001:000009f0       ??1?$vector@HV?$allocator@H@std@@@std@@QAE@XZ 100019f0 f i aimbot.obj
 0001:00000a10       ??1bad_cast@std@@UAE@XZ    10001a10 f i visuals.obj
 0001:00000a10       ??1bad_alloc@std@@UAE@XZ   10001a10 f i aimbot.obj
 0001:00000a10       ??1runtime_error@std@@UAE@XZ 10001a10 f i hooks.obj
 0001:00000a30       ??1bad_array_new_length@std@@UAE@XZ 10001a30 f i aimbot.obj
 0001:00000a50       ??1exception@std@@UAE@XZ   10001a50 f i aimbot.obj
 0001:00000a80       ??2@YAPAXIPAX@Z            10001a80 f i aimbot.obj
 0001:00000a90       ??4vector_aligned@@QAEAAV0@ABVvector@@@Z 10001a90 f i aimbot.obj
 0001:00000ae0       ??Avector@@QAEAAMH@Z       10001ae0 f i aimbot.obj
 0001:00000b00       ??Avector@@QBEMH@Z         10001b00 f i aimbot.obj
 0001:00000b20       ??Dvector@@QBE?AV0@M@Z     10001b20 f i aimbot.obj
 0001:00000b70       ??Gvector@@QBE?AV0@ABV0@@Z 10001b70 f i aimbot.obj
 0001:00000bd0       ??Hvector@@QBE?AV0@ABV0@@Z 10001bd0 f i aimbot.obj
 0001:00000c30       ??Kvector@@QBE?AV0@M@Z     10001c30 f i aimbot.obj
 0001:00000c80       ??Zvector@@QAEAAV0@ABV0@@Z 10001c80 f i aimbot.obj
 0001:00000ce0       ??_0vector@@QAEAAV0@M@Z    10001ce0 f i aimbot.obj
 0001:00000d30       ??_Ebad_cast@std@@UAEPAXI@Z 10001d30 f i visuals.obj
 0001:00000d30       ??_Ebad_alloc@std@@UAEPAXI@Z 10001d30 f i aimbot.obj
 0001:00000d30       ??_Gbad_alloc@std@@UAEPAXI@Z 10001d30 f i aimbot.obj
 0001:00000d30       ??_Eruntime_error@std@@UAEPAXI@Z 10001d30 f i hooks.obj
 0001:00000d30       ??_Gruntime_error@std@@UAEPAXI@Z 10001d30 f i hooks.obj
 0001:00000d30       ??_Gbad_cast@std@@UAEPAXI@Z 10001d30 f i visuals.obj
 0001:00000d60       ??_Gbad_array_new_length@std@@UAEPAXI@Z 10001d60 f i aimbot.obj
 0001:00000d60       ??_Ebad_array_new_length@std@@UAEPAXI@Z 10001d60 f i aimbot.obj
 0001:00000d90       ??_Gexception@std@@UAEPAXI@Z 10001d90 f i aimbot.obj
 0001:00000d90       ??_Eexception@std@@UAEPAXI@Z 10001d90 f i aimbot.obj
 0001:00000dc0       ??_H@YGXPAXIIP6EPAX0@Z@Z   10001dc0 f i aimbot.obj
 0001:00000df0       ?_Adjust_manually_vector_aligned@std@@YAXAAPAXAAI@Z 10001df0 f i aimbot.obj
 0001:00000e60       ?_Alloc_proxy@_Container_base0@std@@QAEXABU_Fake_allocator@2@@Z 10001e60 f i aimbot.obj
 0001:00000e70       ?_Allocate@_Default_allocate_traits@std@@SAPAXI@Z 10001e70 f i aimbot.obj
 0001:00000e90       ?_Calculate_growth@?$vector@HV?$allocator@H@std@@@std@@ABEII@Z 10001e90 f i aimbot.obj
 0001:00000ee0       ?_Change_array@?$vector@HV?$allocator@H@std@@@std@@AAEXQAHII@Z 10001ee0 f i aimbot.obj
 0001:00000f80       ?_Destroy@?$vector@HV?$allocator@H@std@@@std@@AAEXPAH0@Z 10001f80 f i aimbot.obj
 0001:00000f80       ?_Destroy@?$vector@U?$pair@PAVc_baseentity@@Vvector@@@std@@V?$allocator@U?$pair@PAVc_baseentity@@Vvector@@@std@@@2@@std@@AAEXPAU?$pair@PAVc_baseentity@@Vvector@@@2@0@Z 10001f80 f i resolver.obj
 0001:00000fb0       ?_Getal@?$vector@HV?$allocator@H@std@@@std@@ABEABV?$allocator@H@2@XZ 10001fb0 f i aimbot.obj
 0001:00000fb0       ?_Getal@?$basic_string@DU?$char_traits@D@std@@V?$allocator@D@2@@std@@AAEAAV?$allocator@D@2@XZ 10001fb0 f i misc.obj
 0001:00000fb0       ?_Getal@?$vector@HV?$allocator@H@std@@@std@@AAEAAV?$allocator@H@2@XZ 10001fb0 f i aimbot.obj
 0001:00000fb0       ?_Getal@?$vector@U?$pair@PAVc_baseentity@@Vvector@@@std@@V?$allocator@U?$pair@PAVc_baseentity@@Vvector@@@std@@@2@@std@@AAEAAV?$allocator@U?$pair@PAVc_baseentity@@Vvector@@@std@@@2@XZ 10001fb0 f i resolver.obj
 0001:00000fb0       ?_Getal@?$basic_string@DU?$char_traits@D@std@@V?$allocator@D@2@@std@@ABEABV?$allocator@D@2@XZ 10001fb0 f i misc.obj
 0001:00000fd0       ?_Release@_Fake_proxy_ptr_impl@std@@QAEXXZ 10001fd0 f i misc.obj
 0001:00000fd0       ?_Orphan_all@_Container_base0@std@@QAEXXZ 10001fd0 f i aimbot.obj
 0001:00000fd0       ??1address@@QAE@XZ         10001fd0 f i setup.obj
 0001:00000fd0       ??1_Bxty@?$_String_val@U?$_Simple_types@D@std@@@std@@QAE@XZ 10001fd0 f i misc.obj
 0001:00000fe0       ?_Orphan_range@?$vector@HV?$allocator@H@std@@@std@@ABEXPAH0@Z 10001fe0 f i aimbot.obj
 0001:00001000       ?_Throw_bad_array_new_length@std@@YAXXZ 10002000 f i aimbot.obj
 0001:00001020       ?_Tidy@?$vector@HV?$allocator@H@std@@@std@@AAEXXZ 10002020 f i aimbot.obj
 0001:000010e0       ?_Umove@?$vector@HV?$allocator@H@std@@@std@@AAEPAHPAH00@Z 100020e0 f i aimbot.obj
 0001:00001110       ?_Umove_if_noexcept1@?$vector@HV?$allocator@H@std@@@std@@AAEXPAH00U?$integral_constant@_N$00@2@@Z 10002110 f i aimbot.obj
 0001:00001140       ?_Umove_if_noexcept@?$vector@HV?$allocator@H@std@@@std@@AAEXPAH00@Z 10002140 f i aimbot.obj
 0001:00001170       ?_Unchecked_begin@?$vector@HV?$allocator@H@std@@@std@@QAEPAHXZ 10002170 f i aimbot.obj
 0001:00001170       ??Baddress@@QAEPBXXZ       10002170 f i setup.obj
 0001:00001170       ??Baddress@@QAEIXZ         10002170 f i setup.obj
 0001:00001170       ??$as@PAVclient_state@@@address@@QBEPAVclient_state@@XZ 10002170 f i setup.obj
 0001:00001170       ??C?$unique_ptr@Vvmt_hook@@U?$default_delete@Vvmt_hook@@@std@@@std@@QBEPAVvmt_hook@@XZ 10002170 f i setup.obj
 0001:00001180       ?_Unchecked_end@?$vector@HV?$allocator@H@std@@@std@@QAEPAHXZ 10002180 f i aimbot.obj
 0001:000011a0       ?_Xlength@?$vector@HV?$allocator@H@std@@@std@@CAXXZ 100021a0 f i aimbot.obj
 0001:000011b0       ?allocate@?$allocator@H@std@@QAEPAHI@Z 100021b0 f i aimbot.obj
 0001:000011e0       ?angle_normalize@u@@YAXAAVvector@@@Z 100021e0 f i aimbot.obj
 0001:00001290       ?angle_vectors@@YAXABVvector@@PAV1@@Z 10002290 f i aimbot.obj
 0001:00001290       ?angle_vectors@u@@YAXABVvector@@PAV2@@Z 10002290 f i aimbot.obj
 0001:00001380       ?angle_vectors@u@@YAXABVvector@@PAV2@11@Z 10002380 f i aimbot.obj
 0001:00001550       ?can_shoot@a@@YA_NXZ       10002550 f   aimbot.obj
 0001:00001600       ?capacity@?$vector@HV?$allocator@H@std@@@std@@QBEIXZ 10002600 f i aimbot.obj
 0001:00001630       ?clip1@base_weapon@@QAEHXZ 10002630 f i aimbot.obj
 0001:00001650       ?clip_ray_to_entity@ienginetrace@@QAEXABUray_t@@IPAVc_baseentity@@PAVgame_trace@@@Z 10002650 f i aimbot.obj
 0001:00001680       ?cos@@YAMM@Z               10002680 f i aimbot.obj
 0001:000016a0       ?cross_product@@YA?AVvector@@ABV1@0@Z 100026a0 f i aimbot.obj
 0001:00001730       ?deallocate@?$allocator@H@std@@QAEXQAHI@Z 10002730 f i aimbot.obj
 0001:00001750       ?degree_to_radian@u@@YAMM@Z 10002750 f i aimbot.obj
 0001:00001770       ?do_aimbot@a@@YAXXZ        10002770 f   aimbot.obj
 0001:00001c10       ?do_auto_revolver@a@@YAXXZ 10002c10 f   aimbot.obj
 0001:00001d20       ?do_auto_stop@a@@YAXXZ     10002d20 f   aimbot.obj
 0001:00001e70       ?dot_product@@YAMABVvector@@0@Z 10002e70 f i aimbot.obj
 0001:00001ec0       ?find_signature@u@@YA_KPBD0@Z 10002ec0 f i aimbot.obj
 0001:000020f0       ?get_abs_origin@c_baseentity@@QAEAAVvector@@XZ 100030f0 f i aimbot.obj
 0001:00002110       ?get_aim_punch_angle@c_baseentity@@QAE?AVvector@@XZ 10003110 f i aimbot.obj
 0001:00002140       ?get_client_class@c_baseentity@@QAEPAVclient_class@@XZ 10003140 f i aimbot.obj
 0001:00002170       ?get_client_networkable@c_baseentity@@QAEPAXXZ 10003170 f i aimbot.obj
 0001:00002190       ?get_client_renderable@c_baseentity@@QAEPAXXZ 10003190 f i aimbot.obj
 0001:000021b0       ?get_cs_wpn_info@base_weapon@@QAEPAVweapon_info@@XZ 100031b0 f i aimbot.obj
 0001:000021e0       ?get_distance@u@@YAMVvector@@0@Z 100031e0 f i aimbot.obj
 0001:00002220       ?get_eye_position@c_baseentity@@QAE?AVvector@@XZ 10003220 f i aimbot.obj
 0001:00002250       ?get_fire_ready_time@base_weapon@@QAEMXZ 10003250 f i aimbot.obj
 0001:00002270       ?get_flags@c_baseentity@@QAEHXZ 10003270 f i aimbot.obj
 0001:00002290       ?get_health@c_baseentity@@QAEHXZ 10003290 f i aimbot.obj
 0001:000022b0       ?get_hitbox@mstudiohitboxset_t@@QAEPAUmstudiobbox_t@@H@Z 100032b0 f i aimbot.obj
 0001:000022e0       ?get_hitbox_pos@a@@YA?AVvector@@PAVc_baseentity@@H@Z 100032e0 f   aimbot.obj
 0001:000024f0       ?get_hitbox_set@studiohdr_t@@QAEPAUmstudiohitboxset_t@@H@Z 100034f0 f i aimbot.obj
 0001:00002530       ?get_hitboxes@a@@YAHPAVc_baseentity@@@Z 10003530 f   aimbot.obj
 0001:00002940       ?get_inaccuracy@base_weapon@@QAEMXZ 10003940 f i aimbot.obj
 0001:00002970       ?get_index@c_baseentity@@QAEHXZ 10003970 f i aimbot.obj
 0001:00002990       ?get_life_state@c_baseentity@@QAEEXZ 10003990 f i aimbot.obj
 0001:000029b0       ?get_model@c_baseentity@@QAEPAUmodel_t@@XZ 100039b0 f i aimbot.obj
 0001:000029e0       ?get_player_info@ivengineclient@@QAE_NHPAUplayer_info_s@@@Z 100039e0 f i aimbot.obj
 0001:00002a10       ?get_spread@base_weapon@@QAEMXZ 10003a10 f i aimbot.obj
 0001:00002a40       ?get_target@a@@YAHXZ       10003a40 f   aimbot.obj
 0001:00002e40       ?get_team_num@c_baseentity@@QAEHXZ 10003e40 f i aimbot.obj
 0001:00002e60       ?get_tick_base@c_baseentity@@QAEHXZ 10003e60 f i aimbot.obj
 0001:00002e80       ?get_trace_type@trace_filter@@UBE?AW4trace_type_t@@XZ 10003e80 f i aimbot.obj
 0001:00002e90       ?get_velocity@c_baseentity@@QAE?AVvector@@XZ 10003e90 f i aimbot.obj
 0001:00002ec0       ?get_view_angles@ivengineclient@@QAEXAAVvector@@@Z 10003ec0 f i aimbot.obj
 0001:00002ef0       ?hit_chance@a@@YA_NPAVc_baseentity@@PAVbase_weapon@@Vvector@@2H@Z 10003ef0 f   aimbot.obj
 0001:00003450       ?infinity@?$numeric_limits@M@std@@SAMXZ 10004450 f i aimbot.obj
 0001:00003460       ?init@ray_t@@QAEXABVvector@@0@Z 10004460 f i aimbot.obj
 0001:00003540       ?init@vector@@QAEXMMM@Z    10004540 f i aimbot.obj
 0001:00003580       ?invalidate@vector@@QAEXXZ 10004580 f i aimbot.obj
 0001:000035c0       ?is_dormant@c_baseentity@@QAE_NXZ 100045c0 f i aimbot.obj
 0001:000035f0       ?is_gun@base_weapon@@QAE_NXZ 100045f0 f i aimbot.obj
 0001:00003660       ?is_immune@c_baseentity@@QAE_NXZ 10004660 f i aimbot.obj
 0001:00003680       ?is_reloading@base_weapon@@QAE_NXZ 10004680 f i aimbot.obj
 0001:00003730       ?is_scoped@c_baseentity@@QAE_NXZ 10004730 f i aimbot.obj
 0001:00003750       ?is_visible@a@@YA_NPAVc_baseentity@@Vvector@@1@Z 10004750 f   aimbot.obj
 0001:00003810       ?is_visible_length@a@@YA_NPAVc_baseentity@@Vvector@@1@Z 10004810 f   aimbot.obj
 0001:00003a40       ?item_definition_index@base_weapon@@QAEFXZ 10004a40 f i aimbot.obj
 0001:00003a60       ?length2d@vector@@QBEMXZ   10004a60 f i aimbot.obj
 0001:00003aa0       ?length@vector@@QBEMXZ     10004aa0 f i aimbot.obj
 0001:00003af0       ?length_sqr@vector@@QBEMXZ 10004af0 f i aimbot.obj
 0001:00003b40       ?max@?$numeric_limits@H@std@@SAHXZ 10004b40 f i aimbot.obj
 0001:00003b50       ?max_size@?$_Default_allocator_traits@V?$allocator@H@std@@@std@@SAIABV?$allocator@H@2@@Z 10004b50 f i aimbot.obj
 0001:00003b60       ?max_size@?$vector@HV?$allocator@H@std@@@std@@QBEIXZ 10004b60 f i aimbot.obj
 0001:00003ba0       ?next_primary_attack@base_weapon@@QAEMXZ 10004ba0 f i aimbot.obj
 0001:00003bc0       ?normalize@vector@@QAE?AV1@XZ 10004bc0 f i aimbot.obj
 0001:00003c70       ?normalize_in_place@vector@@QAEMXZ 10004c70 f i aimbot.obj
 0001:00003d30       ?push_back@?$vector@HV?$allocator@H@std@@@std@@QAEX$$QAH@Z 10004d30 f i aimbot.obj
 0001:00003d60       ?random_float@u@@YAMMM@Z   10004d60 f i aimbot.obj
 0001:00003de0       ?set_view_angles@ivengineclient@@QAEXAAVvector@@@Z 10004de0 f i aimbot.obj
 0001:00003e10       ?setup_bones@c_baseentity@@QAE_NPAY123MHHM@Z 10004e10 f i aimbot.obj
 0001:00003e60       ?should_hit_entity@trace_filter@@UAE_NPAXH@Z 10004e60 f i aimbot.obj
 0001:00003e90       ?sin@@YAMM@Z               10004e90 f i aimbot.obj
 0001:00003eb0       ?sin_cos@u@@YAXMPAM0@Z     10004eb0 f i aimbot.obj
 0001:00003ef0       ?sqrt@@YAMM@Z              10004ef0 f i aimbot.obj
 0001:00003f10       ?trace_ray@ienginetrace@@QAEXABUray_t@@IPAVitracefilter@@PAVgame_trace@@@Z 10004f10 f i aimbot.obj
 0001:00003f50       ?vector_angles@@YAXABVvector@@AAV1@1@Z 10004f50 f i aimbot.obj
 0001:00004120       ?vector_angles@@YAXABVvector@@AAV1@@Z 10005120 f i aimbot.obj
 0001:00004280       ?vector_copy@@YAXABVvector@@AAV1@@Z 10005280 f i aimbot.obj
 0001:000042b0       ?vector_normalize@@YAMAAVvector@@@Z 100052b0 f i aimbot.obj
 0001:00004310       ?vector_subtract@@YAXABVvector@@0AAV1@@Z 10005310 f i aimbot.obj
 0001:00004360       ?vector_transform@u@@YAXVvector@@QAY03$$CBMAAV2@@Z 10005360 f i aimbot.obj
 0001:00004560       ?what@exception@std@@UBEPBDXZ 10005560 f i aimbot.obj
 0001:00004590       _atan2f                    10005590 f i aimbot.obj
 0001:000045d0       _cosf                      100055d0 f i aimbot.obj
 0001:000045f0       _sinf                      100055f0 f i aimbot.obj
 0001:00004610       _sqrtf                     10005610 f i aimbot.obj
 0001:00004630       ?anti_aim@hvh@@YAXAA_N@Z   10005630 f   hvh.obj
 0001:00004960       ?fake_duck@hvh@@YAXAA_N@Z  10005960 f   hvh.obj
 0001:00004a10       ?fake_lag@hvh@@YAXAA_N@Z   10005a10 f   hvh.obj
 0001:00004a80       ?fake_walk@hvh@@YAXAA_N@Z  10005a80 f   hvh.obj
 0001:00004b90       ?get_anim_state@c_baseentity@@QAEPAUc_animstate@@XZ 10005b90 f i hvh.obj
 0001:00004bb0       ?get_current_time@hvh@@YAMPAVuser_cmd@@@Z 10005bb0 f   hvh.obj
 0001:00004c20       ?get_direction@hvh@@YAMXZ  10005c20 f   hvh.obj
 0001:00004c50       ?get_lower_body_yaw@c_baseentity@@QAEMXZ 10005c50 f i hvh.obj
 0001:00004c70       ?get_max_desync_delta@c_baseentity@@QAEMXZ 10005c70 f i hvh.obj
 0001:00004e40       ?get_move_type@c_baseentity@@QAE?AW4movetype_t@@XZ 10005e40 f i hvh.obj
 0001:00004e60       ?get_net_channel_info@ivengineclient@@QAEPAVinetchannelinfo@@XZ 10005e60 f i visuals.obj
 0001:00004e60       ?get_net_channel@ivengineclient@@QAEPAVinetchannel@@XZ 10005e60 f i hvh.obj
 0001:00004e80       ?get_pitch@hvh@@YAMXZ      10005e80 f   hvh.obj
 0001:00004f00       ?is_button_down@iinputsystem@@QAE_NW4buttoncode_t@@@Z 10005f00 f i hvh.obj
 0001:00004f30       ?is_voice_recordering@ivengineclient@@QAE_NXZ 10005f30 f i hvh.obj
 0001:00005000       ?round@@YAMM@Z             10006000 f i hvh.obj
 0001:00005020       ?should_break_lby@hvh@@YA_NXZ 10006020 f   hvh.obj
 0001:000050d0       ??$?0$$V@?$_Compressed_pair@V?$allocator@D@std@@V?$_String_val@U?$_Simple_types@D@std@@@2@$00@std@@QAE@U_Zero_then_variadic_args_t@1@@Z 100060d0 f i misc.obj
 0001:000050f0       ??$?0ABV?$allocator@D@std@@$$V@?$_Compressed_pair@V?$allocator@D@std@@V?$_String_val@U?$_Simple_types@D@std@@@2@$00@std@@QAE@U_One_then_variadic_args_t@1@ABV?$allocator@D@1@@Z 100060f0 f i misc.obj
 0001:000050f0       ??$?0V?$allocator@D@std@@$$V@?$_Compressed_pair@V?$allocator@D@std@@V?$_String_val@U?$_Simple_types@D@std@@@2@$00@std@@QAE@U_One_then_variadic_args_t@1@$$QAV?$allocator@D@1@@Z 100060f0 f i visuals.obj
 0001:00005120       ??$_Construct_in_place@PADABQAD@std@@YAXAAPADABQAD@Z 10006120 f i misc.obj
 0001:00005160       ??$_Get_size_of_n@$00@std@@YAII@Z 10006160 f i misc.obj
 0001:00005170       ??$_Max_value@PAD@std@@YAABQADABQAD0@Z 10006170 f i visuals.obj
 0001:00005170       ??$_Max_value@I@std@@YAABIABI0@Z 10006170 f i misc.obj
 0001:000051a0       ??$_Reallocate_for@V<lambda_9366063389c5f42a00a5088cf24e69de>@@PBD@?$basic_string@DU?$char_traits@D@std@@V?$allocator@D@2@@std@@AAEAAV01@IV<lambda_9366063389c5f42a00a5088cf24e69de>@@PBD@Z 100061a0 f i misc.obj
 0001:00005270       ??$clamp@H@u@@YAHABH00@Z   10006270 f i misc.obj
 0001:000052a0       ??$maximum@H@u@@YAHABH0@Z  100062a0 f i misc.obj
 0001:000052d0       ??$minimum@H@u@@YAHABH0@Z  100062d0 f i misc.obj
 0001:00005300       ??0?$_String_val@U?$_Simple_types@D@std@@@std@@QAE@XZ 10006300 f i misc.obj
 0001:00005330       ??0?$basic_string@DU?$char_traits@D@std@@V?$allocator@D@2@@std@@QAE@ABV01@IIABV?$allocator@D@1@@Z 10006330 f i misc.obj
 0001:000053d0       ??0?$basic_string@DU?$char_traits@D@std@@V?$allocator@D@2@@std@@QAE@QBD@Z 100063d0 f i misc.obj
 0001:00005460       ??0_Fake_proxy_ptr_impl@std@@QAE@ABU_Fake_allocator@1@ABU_Container_base0@1@@Z 10006460 f i misc.obj
 0001:00005470       ??1?$_Compressed_pair@V?$allocator@D@std@@V?$_String_val@U?$_Simple_types@D@std@@@2@$00@std@@QAE@XZ 10006470 f i misc.obj
 0001:00005490       ??1?$_String_val@U?$_Simple_types@D@std@@@std@@QAE@XZ 10006490 f i misc.obj
 0001:000054b0       ??1?$basic_string@DU?$char_traits@D@std@@V?$allocator@D@2@@std@@QAE@XZ 100064b0 f i misc.obj
 0001:000054d0       ??R<lambda_9366063389c5f42a00a5088cf24e69de>@@QBEXQADIQBD@Z 100064d0 f i misc.obj
 0001:00005510       ?_Calculate_growth@?$basic_string@DU?$char_traits@D@std@@V?$allocator@D@2@@std@@ABEII@Z 10006510 f i misc.obj
 0001:00005540       ?_Calculate_growth@?$basic_string@DU?$char_traits@D@std@@V?$allocator@D@2@@std@@CAIIII@Z 10006540 f i misc.obj
 0001:000055a0       ?_Check_offset@?$_String_val@U?$_Simple_types@D@std@@@std@@QBEXI@Z 100065a0 f i misc.obj
 0001:000055c0       ?_Clamp_suffix_size@?$_String_val@U?$_Simple_types@D@std@@@std@@QBEIII@Z 100065c0 f i misc.obj
 0001:000055f0       ?_Eos@?$basic_string@DU?$char_traits@D@std@@V?$allocator@D@2@@std@@AAEXI@Z 100065f0 f i misc.obj
 0001:00005630       ?_Large_string_engaged@?$_String_val@U?$_Simple_types@D@std@@@std@@QBE_NXZ 10006630 f i misc.obj
 0001:00005660       ?_Myptr@?$_String_val@U?$_Simple_types@D@std@@@std@@QBEPBDXZ 10006660 f i misc.obj
 0001:00005660       ?_Myptr@?$_String_val@U?$_Simple_types@D@std@@@std@@QAEPADXZ 10006660 f i misc.obj
 0001:000056a0       ?_Tidy_deallocate@?$basic_string@DU?$char_traits@D@std@@V?$allocator@D@2@@std@@AAEXXZ 100066a0 f i misc.obj
 0001:00005760       ?_Tidy_init@?$basic_string@DU?$char_traits@D@std@@V?$allocator@D@2@@std@@AAEXXZ 10006760 f i misc.obj
 0001:000057a0       ?_Xlen@?$basic_string@DU?$char_traits@D@std@@V?$allocator@D@2@@std@@CAXXZ 100067a0 f i misc.obj
 0001:000057b0       ?_Xran@?$_String_val@U?$_Simple_types@D@std@@@std@@SAXXZ 100067b0 f i misc.obj
 0001:000057c0       ?allocate@?$allocator@D@std@@QAEPADI@Z 100067c0 f i misc.obj
 0001:000057f0       ?assign@?$_Narrow_char_traits@DH@std@@SAXAADABD@Z 100067f0 f i misc.obj
 0001:00005800       ?assign@?$basic_string@DU?$char_traits@D@std@@V?$allocator@D@2@@std@@QAEAAV12@ABV12@II@Z 10006800 f i misc.obj
 0001:00005850       ?assign@?$basic_string@DU?$char_traits@D@std@@V?$allocator@D@2@@std@@QAEAAV12@QBD@Z 10006850 f i misc.obj
 0001:00005880       ?assign@?$basic_string@DU?$char_traits@D@std@@V?$allocator@D@2@@std@@QAEAAV12@QBDI@Z 10006880 f i misc.obj
 0001:00005900       ?auto_movement@m@@YAXXZ    10006900 f   misc.obj
 0001:00005ab0       ?c_str@?$basic_string@DU?$char_traits@D@std@@V?$allocator@D@2@@std@@QBEPBDXZ 10006ab0 f i misc.obj
 0001:00005ab0       ?data@?$basic_string@DU?$char_traits@D@std@@V?$allocator@D@2@@std@@QBEPBDXZ 10006ab0 f i visuals.obj
 0001:00005af0       ?clan_tag@m@@YAXXZ         10006af0 f   misc.obj
 0001:00005c60       ?clan_tag_og@m@@YAXXZ      10006c60 f   misc.obj
 0001:00005dd0       ?clear@?$basic_string@DU?$char_traits@D@std@@V?$allocator@D@2@@std@@QAEXXZ 10006dd0 f i misc.obj
 0001:00005e10       ?copy@?$_Narrow_char_traits@DH@std@@SAPADQADQBDI@Z 10006e10 f i misc.obj
 0001:00005e30       ?crosshair@m@@YAXXZ        10006e30 f   misc.obj
 0001:00005ff0       ?deallocate@?$allocator@D@std@@QAEXQADI@Z 10006ff0 f i misc.obj
 0001:00006010       ?get_allocator@?$basic_string@DU?$char_traits@D@std@@V?$allocator@D@2@@std@@QBE?AV?$allocator@D@2@XZ 10007010 f i misc.obj
 0001:00006030       ?length@?$_Narrow_char_traits@DH@std@@SAIQBD@Z 10007030 f i misc.obj
 0001:00006070       ?length@?$basic_string@DU?$char_traits@D@std@@V?$allocator@D@2@@std@@QBEIXZ 10007070 f i misc.obj
 0001:00006070       ?size@?$basic_string@DU?$char_traits@D@std@@V?$allocator@D@2@@std@@QBEIXZ 10007070 f i visuals.obj
 0001:00006090       ?eof@?$_Narrow_char_traits@DH@std@@SAHXZ 10007090 f i visuals.obj
 0001:00006090       ?max_size@?$_Default_allocator_traits@V?$allocator@D@std@@@std@@SAIABV?$allocator@D@2@@Z 10007090 f i misc.obj
 0001:000060a0       ?max_size@?$basic_string@DU?$char_traits@D@std@@V?$allocator@D@2@@std@@QBEIXZ 100070a0 f i misc.obj
 0001:00006100       ?move@?$_Narrow_char_traits@DH@std@@SAPADQADQBDI@Z 10007100 f i misc.obj
 0001:00006120       ?set_clan_tag@m@@YAXPBD@Z  10007120 f   misc.obj
 0001:000061d0       ?set_value@convar@@QAEXH@Z 100071d0 f i misc.obj
 0001:00006200       ?set_value@convar@@QAEXM@Z 10007200 f i misc.obj
 0001:00006230       ?substr@?$basic_string@DU?$char_traits@D@std@@V?$allocator@D@2@@std@@QBE?AV12@II@Z 10007230 f i misc.obj
 0001:00006280       ?viewmodel@m@@YAXXZ        10007280 f   misc.obj
 0001:000064c0       ??1?$vector@U?$pair@PAVc_baseentity@@Vvector@@@std@@V?$allocator@U?$pair@PAVc_baseentity@@Vvector@@@std@@@2@@std@@QAE@XZ 100074c0 f i resolver.obj
 0001:000064e0       ?_Tidy@?$vector@U?$pair@PAVc_baseentity@@Vvector@@@std@@V?$allocator@U?$pair@PAVc_baseentity@@Vvector@@@std@@@2@@std@@AAEXXZ 100074e0 f i resolver.obj
 0001:000065a0       ?deallocate@?$allocator@U?$pair@PAVc_baseentity@@Vvector@@@std@@@std@@QAEXQAU?$pair@PAVc_baseentity@@Vvector@@@2@I@Z 100075a0 f i resolver.obj
 0001:000065c0       ?get_duck_amount@c_baseentity@@QAEMXZ 100075c0 f i resolver.obj
 0001:000065e0       ?get_duck_speed@c_baseentity@@QAEMXZ 100075e0 f i resolver.obj
 0001:00006600       ?get_eye_angles_ptr@c_baseentity@@QAEPAVvector@@XZ 10007600 f i resolver.obj
 0001:00006620       ?is_fake_ducking@resolver@@YA_NPAVc_baseentity@@@Z 10007620 f   resolver.obj
 0001:00006690       ?resolver@0@YAXW4client_frame_stage_t@@@Z 10007690 f   resolver.obj
 0001:00006810       ??$?0AAPAVvmt_hook@@@?$_Compressed_pair@U?$default_delete@Vvmt_hook@@@std@@PAVvmt_hook@@$00@std@@QAE@U_Zero_then_variadic_args_t@1@AAPAVvmt_hook@@@Z 10007810 f i setup.obj
 0001:00006810       ??$?0AAPAV_Facet_base@std@@@?$_Compressed_pair@U?$default_delete@V_Facet_base@std@@@std@@PAV_Facet_base@2@$00@std@@QAE@U_Zero_then_variadic_args_t@1@AAPAV_Facet_base@1@@Z 10007810 f i visuals.obj
 0001:00006840       ??$?0PADX@?$basic_string@DU?$char_traits@D@std@@V?$allocator@D@2@@std@@QAE@PAD0ABV?$allocator@D@1@@Z 10007840 f i visuals.obj
 0001:00006900       ??$?0U?$default_delete@V_Facet_base@std@@@std@@$0A@@?$unique_ptr@V_Facet_base@std@@U?$default_delete@V_Facet_base@std@@@2@@std@@QAE@PAV_Facet_base@1@@Z 10007900 f i visuals.obj
 0001:00006900       ??$?0U?$default_delete@Vvmt_hook@@@std@@$0A@@?$unique_ptr@Vvmt_hook@@U?$default_delete@Vvmt_hook@@@std@@@std@@QAE@PAVvmt_hook@@@Z 10007900 f i setup.obj
 0001:00006950       ??$?6DU?$char_traits@D@std@@D@std@@YAAAV?$basic_ostream@DU?$char_traits@D@std@@@0@AAV10@ABU?$_Timeobj@DPBUtm@@@0@@Z 10007950 f i visuals.obj
 0001:00006af0       ??$?6DU?$char_traits@D@std@@V?$allocator@D@1@@std@@YAAAV?$basic_ostream@DU?$char_traits@D@std@@@0@AAV10@ABV?$basic_string@DU?$char_traits@D@std@@V?$allocator@D@2@@0@@Z 10007af0 f i visuals.obj
 0001:00006b20       ??$?6U?$char_traits@D@std@@@std@@YAAAV?$basic_ostream@DU?$char_traits@D@std@@@0@AAV10@PBD@Z 10007b20 f i visuals.obj
 0001:00006e50       ??$_Insert_string@DU?$char_traits@D@std@@I@std@@YAAAV?$basic_ostream@DU?$char_traits@D@std@@@0@AAV10@QBDI@Z 10007e50 f i visuals.obj
 0001:00007120       ??$_Integral_to_string@DH@std@@YA?AV?$basic_string@DU?$char_traits@D@std@@V?$allocator@D@2@@0@H@Z 10008120 f i visuals.obj
 0001:000071d0       ??$_Traits_find@U?$char_traits@D@std@@@std@@YAIQBDII0I@Z 100081d0 f i visuals.obj
 0001:00007270       ??$_UIntegral_to_buff@DI@std@@YAPADPADI@Z 10008270 f i visuals.obj
 0001:000072c0       ??$end@D$0BF@@std@@YAPADAAY0BF@D@Z 100082c0 f i visuals.obj
 0001:000072d0       ??$exchange@PAVvmt_hook@@PAV1@@std@@YAPAVvmt_hook@@AAPAV1@$$QAPAV1@@Z 100082d0 f i setup.obj
 0001:000072d0       ??$exchange@PAVvmt_hook@@AAPAV1@@std@@YAPAVvmt_hook@@AAPAV1@0@Z 100082d0 f i setup.obj
 0001:000072d0       ??$exchange@PAV_Facet_base@std@@PAV12@@std@@YAPAV_Facet_base@0@AAPAV10@$$QAPAV10@@Z 100082d0 f i visuals.obj
 0001:000072f0       ??$put_time@D@std@@YA?AU?$_Timeobj@DPBUtm@@@0@PBUtm@@PBD@Z 100082f0 f i visuals.obj
 0001:00007310       ??$use_facet@V?$time_put@DV?$ostreambuf_iterator@DU?$char_traits@D@std@@@std@@@std@@@std@@YAABV?$time_put@DV?$ostreambuf_iterator@DU?$char_traits@D@std@@@std@@@0@ABVlocale@0@@Z 10008310 f i visuals.obj
 0001:00007420       ??0?$_Timeobj@DPBUtm@@@std@@QAE@PBUtm@@PBD@Z 10008420 f i visuals.obj
 0001:00007470       ??0?$basic_string@DU?$char_traits@D@std@@V?$allocator@D@2@@std@@QAE@$$QAV01@@Z 10008470 f i visuals.obj
 0001:000074f0       ??0?$basic_string@DU?$char_traits@D@std@@V?$allocator@D@2@@std@@QAE@ABV?$allocator@D@1@@Z 100084f0 f i visuals.obj
 0001:00007560       ??0?$basic_string@DU?$char_traits@D@std@@V?$allocator@D@2@@std@@QAE@XZ 10008560 f i visuals.obj
 0001:000075c0       ??0?$basic_stringbuf@DU?$char_traits@D@std@@V?$allocator@D@2@@std@@QAE@H@Z 100085c0 f i visuals.obj
 0001:00007650       ??0?$basic_stringstream@DU?$char_traits@D@std@@V?$allocator@D@2@@std@@QAE@H@Z 10008650 f i visuals.obj
 0001:00007730       ??0?$fpos@U_Mbstatet@@@std@@QAE@_J@Z 10008730 f i visuals.obj
 0001:00007770       ??0?$ostreambuf_iterator@DU?$char_traits@D@std@@@std@@QAE@PAV?$basic_streambuf@DU?$char_traits@D@std@@@1@@Z 10008770 f i visuals.obj
 0001:00007790       ??0_Sentry_base@?$basic_ostream@DU?$char_traits@D@std@@@std@@QAE@AAV12@@Z 10008790 f i visuals.obj
 0001:000077e0       ??0bad_cast@std@@QAE@ABV01@@Z 100087e0 f i visuals.obj
 0001:00007810       ??0bad_cast@std@@QAE@XZ    10008810 f i visuals.obj
 0001:00007840       ??0color@@QAE@HHH@Z        10008840 f i visuals.obj
 0001:00007870       ??0color@@QAE@HHHH@Z       10008870 f i visuals.obj
 0001:000078a0       ??0color@@QAE@XZ           100088a0 f i visuals.obj
 0001:000078c0       ??0sentry@?$basic_ostream@DU?$char_traits@D@std@@@std@@QAE@AAV12@@Z 100088c0 f i visuals.obj
 0001:00007990       ??1?$basic_stringbuf@DU?$char_traits@D@std@@V?$allocator@D@2@@std@@UAE@XZ 10008990 f i visuals.obj
 0001:000079c0       ??1?$basic_stringstream@DU?$char_traits@D@std@@V?$allocator@D@2@@std@@UAE@XZ 100089c0 f i visuals.obj
 0001:00007a20       ??1?$unique_ptr@V_Facet_base@std@@U?$default_delete@V_Facet_base@std@@@2@@std@@QAE@XZ 10008a20 f i visuals.obj
 0001:00007a50       ??1_Sentry_base@?$basic_ostream@DU?$char_traits@D@std@@@std@@QAE@XZ 10008a50 f i visuals.obj
 0001:00007ac0       ??1locale@std@@QAE@XZ      10008ac0 f i visuals.obj
 0001:00007b10       ??1sentry@?$basic_ostream@DU?$char_traits@D@std@@@std@@QAE@XZ 10008b10 f i visuals.obj
 0001:00007b70       ??4?$basic_string@DU?$char_traits@D@std@@V?$allocator@D@2@@std@@QAEAAV01@QBD@Z 10008b70 f i visuals.obj
 0001:00007b90       ??B?$fpos@U_Mbstatet@@@std@@QBE_JXZ 10008b90 f i visuals.obj
 0001:00007bc0       ??Bsentry@?$basic_ostream@DU?$char_traits@D@std@@@std@@QBE_NXZ 10008bc0 f i visuals.obj
 0001:00007be0       ??R?$default_delete@V_Facet_base@std@@@std@@QBEXPAV_Facet_base@1@@Z 10008be0 f i visuals.obj
 0001:00007c20       ??_D?$basic_stringstream@DU?$char_traits@D@std@@V?$allocator@D@2@@std@@QAEXXZ 10008c20 f i visuals.obj
 0001:00007c42       ??_E?$basic_stringstream@DU?$char_traits@D@std@@V?$allocator@D@2@@std@@$4PPPPPPPM@A@AEPAXI@Z 10008c42 f i visuals.obj
 0001:00007c50       ??_E?$basic_stringbuf@DU?$char_traits@D@std@@V?$allocator@D@2@@std@@UAEPAXI@Z 10008c50 f i visuals.obj
 0001:00007c50       ??_G?$basic_stringbuf@DU?$char_traits@D@std@@V?$allocator@D@2@@std@@UAEPAXI@Z 10008c50 f i visuals.obj
 0001:00007c80       ??_E?$basic_stringstream@DU?$char_traits@D@std@@V?$allocator@D@2@@std@@UAEPAXI@Z 10008c80 f i visuals.obj
 0001:00007c80       ??_G?$basic_stringstream@DU?$char_traits@D@std@@V?$allocator@D@2@@std@@UAEPAXI@Z 10008c80 f i visuals.obj
 0001:00007cc0       ?_Construct@?$basic_string@DU?$char_traits@D@std@@V?$allocator@D@2@@std@@QAEXQAD0Urandom_access_iterator_tag@2@@Z 10008cc0 f i visuals.obj
 0001:00007d00       ?_Getfacet@locale@std@@QBEPBVfacet@12@I@Z 10008d00 f i visuals.obj
 0001:00007d80       ?_Getstate@?$basic_stringbuf@DU?$char_traits@D@std@@V?$allocator@D@2@@std@@CAHH@Z 10008d80 f i visuals.obj
 0001:00007de0       ?_Memcpy_val_from@?$basic_string@DU?$char_traits@D@std@@V?$allocator@D@2@@std@@AAEXABV12@@Z 10008de0 f i visuals.obj
 0001:00007e40       ?_Take_contents@?$basic_string@DU?$char_traits@D@std@@V?$allocator@D@2@@std@@AAEXAAV12@U?$integral_constant@_N$00@2@@Z 10008e40 f i visuals.obj
 0001:00007e70       ?_Throw_bad_cast@std@@YAXXZ 10008e70 f i visuals.obj
 0001:00007e90       ?_Tidy@?$basic_stringbuf@DU?$char_traits@D@std@@V?$allocator@D@2@@std@@IAEXXZ 10008e90 f i visuals.obj
 0001:00007f70       ?aa_indicator@v@@YAXXZ     10008f70 f   visuals.obj
 0001:000080a0       ?arrows@v@@YAXXZ           100090a0 f   visuals.obj
 0001:000084c0       ?b@color@@QBEHXZ           100094c0 f i visuals.obj
 0001:000084e0       ?black@color@@SA?AV1@H@Z   100094e0 f i visuals.obj
 0001:00008500       ?blue@color@@SA?AV1@H@Z    10009500 f i visuals.obj
 0001:00008520       ?compare@?$_Narrow_char_traits@DH@std@@SAHQBD0I@Z 10009520 f i visuals.obj
 0001:00008550       ?dot@vector@@QBEMABV1@@Z   10009550 f i visuals.obj
 0001:000085a0       ?draw_3d_box@v@@YAXABVvector@@0Vcolor@@@Z 100095a0 f   visuals.obj
 0001:00008b90       ?draw_dynamic_box@v@@YAXPAVc_baseentity@@Uplayer_info_s@@Vcolor@@@Z 10009b90 f   visuals.obj
 0001:00009350       ?entity_loop@v@@YAXXZ      1000a350 f   visuals.obj
 0001:00009490       ?eq@?$_Narrow_char_traits@DH@std@@SA_NABD0@Z 1000a490 f i visuals.obj
 0001:000094c0       ?eq_int_type@?$_Narrow_char_traits@DH@std@@SA_NABH0@Z 1000a4c0 f i visuals.obj
 0001:000094f0       ?erase@?$basic_string@DU?$char_traits@D@std@@V?$allocator@D@2@@std@@QAEAAV12@II@Z 1000a4f0 f i visuals.obj
 0001:00009570       ?failed@?$ostreambuf_iterator@DU?$char_traits@D@std@@@std@@QBE_NXZ 1000a570 f i visuals.obj
 0001:00009580       ?find@?$_Narrow_char_traits@DH@std@@SAPBDQBDIABD@Z 1000a580 f i visuals.obj
 0001:000095b0       ?find@?$basic_string@DU?$char_traits@D@std@@V?$allocator@D@2@@std@@QBEIQBDI@Z 1000a5b0 f i visuals.obj
 0001:00009620       ?fov_circle@v@@YAXXZ       1000a620 f   visuals.obj
 0001:00009730       ?g@color@@QBEHXZ           1000a730 f i visuals.obj
 0001:00009750       ?get_armor@c_baseentity@@QAEHXZ 1000a750 f i visuals.obj
 0001:00009770       ?get_armor_name@c_baseentity@@QAEPBDXZ 1000a770 f i visuals.obj
 0001:000097b0       ?get_collideable@c_baseentity@@QAEPAXXZ 1000a7b0 f i visuals.obj
 0001:000097d0       ?get_collideable_maxs@c_baseentity@@QAEAAVvector@@XZ 1000a7d0 f i visuals.obj
 0001:00009800       ?get_collideable_mins@c_baseentity@@QAEAAVvector@@XZ 1000a800 f i visuals.obj
 0001:00009830       ?get_entity_color@v@@YA?AVcolor@@PAVc_baseentity@@@Z 1000a830 f   visuals.obj
 0001:00009900       ?get_local_player@ivengineclient@@QAEHXZ 1000a900 f i visuals.obj
 0001:00009900       ?get_float@convar@@QAEMXZ  1000a900 f i visuals.obj
 0001:00009920       ?get_max_health@c_baseentity@@QAEHXZ 1000a920 f i visuals.obj
 0001:00009940       ?get_money@c_baseentity@@QAEHXZ 1000a940 f i visuals.obj
 0001:00009960       ?get_name@base_weapon@@QAE?AV?$basic_string@DU?$char_traits@D@std@@V?$allocator@D@2@@std@@XZ 1000a960 f i visuals.obj
 0001:000099a0       ?get_origin@c_baseentity@@QAE?AVvector@@XZ 1000a9a0 f i visuals.obj
 0001:000099d0       ?get_rotated_position@u@@YA?AVvector@@V2@MM@Z 1000a9d0 f i visuals.obj
 0001:00009a60       ?get_screen_size@ivengineclient@@QAEXAAH0@Z 1000aa60 f i visuals.obj
 0001:00009a90       ?get_text_size@isurface@@QAEXKPB_WAAH1@Z 1000aa90 f i visuals.obj
 0001:00009ac0       ?get_text_size_rect@isurface@@QAE?AUtagRECT@@KPBD@Z 1000aac0 f i visuals.obj
 0001:00009bf0       ?green@color@@SA?AV1@H@Z   1000abf0 f i visuals.obj
 0001:00009c10       ?has_helmet@c_baseentity@@QAE_NXZ 1000ac10 f i visuals.obj
 0001:00009c30       ?lby_indicator@v@@YAXXZ    1000ac30 f   visuals.obj
 0001:00009d30       ?night_mode@v@@YAXXZ       1000ad30 f   visuals.obj
 0001:00009ef0       ?not_eof@?$_Narrow_char_traits@DH@std@@SAHABH@Z 1000aef0 f i visuals.obj
 0001:00009f40       ?occlusion@v@@YAXW4client_frame_stage_t@@@Z 1000af40 f   visuals.obj
 0001:00009fd0       ?overflow@?$basic_stringbuf@DU?$char_traits@D@std@@V?$allocator@D@2@@std@@MAEHH@Z 1000afd0 f i visuals.obj
 0001:0000a1d0       ?pbackfail@?$basic_stringbuf@DU?$char_traits@D@std@@V?$allocator@D@2@@std@@MAEHH@Z 1000b1d0 f i visuals.obj
 0001:0000a2b0       ?players@v@@YAXMMMMUplayer_info_s@@PAVc_baseentity@@Vcolor@@KVvector@@33@Z 1000b2b0 f   visuals.obj
 0001:0000b1d0       ?pointer_to@?$pointer_traits@PAD@std@@SAPADAAD@Z 1000c1d0 f i visuals.obj
 0001:0000b1f0       ?projectiles@v@@YAXPAVc_baseentity@@Vcolor@@K@Z 1000c1f0 f   visuals.obj
 0001:0000b490       ?r@color@@QBEHXZ           1000c490 f i visuals.obj
 0001:0000b4b0       ?rainbow@color@@QAE?AV1@MH@Z 1000c4b0 f i visuals.obj
 0001:0000b620       ?red@color@@SA?AV1@H@Z     1000c620 f i visuals.obj
 0001:0000b640       ?release@?$unique_ptr@Vvmt_hook@@U?$default_delete@Vvmt_hook@@@std@@@std@@QAEPAVvmt_hook@@XZ 1000c640 f i setup.obj
 0001:0000b640       ?release@?$unique_ptr@V_Facet_base@std@@U?$default_delete@V_Facet_base@std@@@2@@std@@QAEPAV_Facet_base@2@XZ 1000c640 f i visuals.obj
 0001:0000b690       ?screen_position@ivdebugoverlay@@QAEHABVvector@@AAV2@@Z 1000c690 f i visuals.obj
 0001:0000b6c0       ?seekoff@?$basic_stringbuf@DU?$char_traits@D@std@@V?$allocator@D@2@@std@@MAE?AV?$fpos@U_Mbstatet@@@2@_JHH@Z 1000c6c0 f i visuals.obj
 0001:0000b8b0       ?seekpos@?$basic_stringbuf@DU?$char_traits@D@std@@V?$allocator@D@2@@std@@MAE?AV?$fpos@U_Mbstatet@@@2@V32@H@Z 1000c8b0 f i visuals.obj
 0001:0000b9f0       ?set_color@color@@QAEXHHHH@Z 1000c9f0 f i visuals.obj
 0001:0000ba40       ?str@?$basic_stringbuf@DU?$char_traits@D@std@@V?$allocator@D@2@@std@@QBE?AV?$basic_string@DU?$char_traits@D@std@@V?$allocator@D@2@@2@XZ 1000ca40 f i visuals.obj
 0001:0000bb60       ?str@?$basic_stringstream@DU?$char_traits@D@std@@V?$allocator@D@2@@std@@QBE?AV?$basic_string@DU?$char_traits@D@std@@V?$allocator@D@2@@2@XZ 1000cb60 f i visuals.obj
 0001:0000bba0       ?strstr@@YAPADQADQBD@Z     1000cba0 f i visuals.obj
 0001:0000bbc0       ?tan@@YAMM@Z               1000cbc0 f i visuals.obj
 0001:0000bbe0       ?third_person@v@@YAXW4client_frame_stage_t@@@Z 1000cbe0 f   visuals.obj
 0001:0000bc90       ?third_person_angles@v@@YAXW4client_frame_stage_t@@@Z 1000cc90 f   visuals.obj
 0001:0000bd50       ?to_char_type@?$_Narrow_char_traits@DH@std@@SADABH@Z 1000cd50 f i visuals.obj
 0001:0000bd60       ?to_int_type@?$_Narrow_char_traits@DH@std@@SAHABD@Z 1000cd60 f i visuals.obj
 0001:0000bd70       ?to_string@std@@YA?AV?$basic_string@DU?$char_traits@D@std@@V?$allocator@D@2@@1@H@Z 1000cd70 f i visuals.obj
 0001:0000bda0       ?underflow@?$basic_stringbuf@DU?$char_traits@D@std@@V?$allocator@D@2@@std@@MAEHXZ 1000cda0 f i visuals.obj
 0001:0000be80       ?user@v@@YAXXZ             1000ce80 f   visuals.obj
 0001:0000d1b0       ?vector_transform@v@@YAXABVvector@@AAY123$$CBMAAV2@@Z 1000e1b0 f   visuals.obj
 0001:0000d220       ?w2s@v@@YA_NABVvector@@AAV2@@Z 1000e220 f   visuals.obj
 0001:0000d260       ?watermark@v@@YAXXZ        1000e260 f   visuals.obj
 0001:0000d6b0       ?white@color@@SA?AV1@H@Z   1000e6b0 f i visuals.obj
 0001:0000d700       _tanf                      1000e700 f i visuals.obj
 0001:0000d740       ?corner@d@@YAXHHHH_N0Vcolor@@@Z 1000e740 f   draw.obj
 0001:0000d7f0       ?draw_circle@d@@YAXHHHHVcolor@@@Z 1000e7f0 f   draw.obj
 0001:0000d820       ?draw_corner_box@d@@YAXHHHHVcolor@@@Z 1000e820 f   draw.obj
 0001:0000d8f0       ?draw_filled_rect@d@@YAXHHHHVcolor@@@Z 1000e8f0 f   draw.obj
 0001:0000d930       ?draw_filled_rect@isurface@@QAEXHHHH@Z 1000e930 f i draw.obj
 0001:0000d960       ?draw_line@d@@YAXHHHHVcolor@@@Z 1000e960 f   draw.obj
 0001:0000d990       ?draw_line@isurface@@QAEXHHHH@Z 1000e990 f i draw.obj
 0001:0000d9c0       ?draw_outlined_circle@isurface@@QAEXHHHH@Z 1000e9c0 f i draw.obj
 0001:0000d9f0       ?draw_outlined_rect@d@@YAXHHHHVcolor@@@Z 1000e9f0 f   draw.obj
 0001:0000da30       ?draw_outlined_rect@isurface@@QAEXHHHH@Z 1000ea30 f i draw.obj
 0001:0000da60       ?draw_print_text@isurface@@QAEXPB_WH@Z 1000ea60 f i draw.obj
 0001:0000da90       ?draw_set_color@isurface@@QAEXVcolor@@@Z 1000ea90 f i draw.obj
 0001:0000dac0       ?draw_set_text_color@isurface@@QAEXVcolor@@@Z 1000eac0 f i draw.obj
 0001:0000daf0       ?draw_set_text_font@isurface@@QAEXK@Z 1000eaf0 f i draw.obj
 0001:0000db20       ?draw_set_text_pos@isurface@@QAEXHH@Z 1000eb20 f i draw.obj
 0001:0000db50       ?draw_string@d@@YAXHHVcolor@@KPBDZZ 1000eb50 f   draw.obj
 0001:0000dc70       ?draw_string_box@d@@YAXKPBDHHVcolor@@1@Z 1000ec70 f   draw.obj
 0001:0000dd10       ?draw_string_centered@d@@YAXHHVcolor@@KPBDZZ 1000ed10 f   draw.obj
 0001:0000de70       ___local_stdio_printf_options 1000ee70 f i draw.obj
 0001:0000de80       __vsnprintf                1000ee80 f i draw.obj
 0001:0000dea0       __vsnprintf_l              1000eea0 f i draw.obj
 0001:0000df00       ??$?0$$V@?$_Compressed_pair@U?$default_delete@Vvmt_hook@@@std@@PAVvmt_hook@@$00@std@@QAE@U_Zero_then_variadic_args_t@1@@Z 1000ef00 f i hooks.obj
 0001:0000df20       ??$?0U?$default_delete@Vvmt_hook@@@std@@$0A@@?$unique_ptr@Vvmt_hook@@U?$default_delete@Vvmt_hook@@@std@@@std@@QAE@XZ 1000ef20 f i hooks.obj
 0001:0000df70       ??0exception@std@@QAE@QBD@Z 1000ef70 f i hooks.obj
 0001:0000dfc0       ??0protect_guard@detail@@QAE@PAXII@Z 1000efc0 f i hooks.obj
 0001:0000e020       ??0runtime_error@std@@QAE@ABV01@@Z 1000f020 f i hooks.obj
 0001:0000e050       ??0runtime_error@std@@QAE@PBD@Z 1000f050 f i hooks.obj
 0001:0000e080       ??1?$unique_ptr@Vvmt_hook@@U?$default_delete@Vvmt_hook@@@std@@@std@@QAE@XZ 1000f080 f i hooks.obj
 0001:0000e0b0       ??1protect_guard@detail@@QAE@XZ 1000f0b0 f i hooks.obj
 0001:0000e0e0       ??1vmt_hook@@QAE@XZ        1000f0e0 f i hooks.obj
 0001:0000e140       ??R?$default_delete@Vvmt_hook@@@std@@QBEXPAVvmt_hook@@@Z 1000f140 f i hooks.obj
 0001:0000e180       ??_Gvmt_hook@@QAEPAXI@Z    1000f180 f i hooks.obj
 0001:0000e1b0       ?execute_client_cmd@ivengineclient@@QAEXPBD@Z 1000f1b0 f i hooks.obj
 0001:0000e1e0       ?get_player_for_user_id@ivengineclient@@QAEHH@Z 1000f1e0 f i hooks.obj
 0001:0000e210       ?is_connected@ivengineclient@@QAE_NXZ 1000f210 f i hooks.obj
 0001:0000e230       ?is_in_game@ivengineclient@@QAE_NXZ 1000f230 f i hooks.obj
 0001:0000e250       ?on_fire_event@events@@QAEXPAVigameevent@@@Z 1000f250 f   hooks.obj
 0001:0000e470       ?release@vmt_hook@@QAEXXZ  1000f470 f i hooks.obj
 0001:0000e510       ?start@player_hurt_listener@events@@QAEXXZ 1000f510 f   hooks.obj
 0001:0000e560       ?abs@@YAMM@Z               1000f560 f i util.obj
 0001:0000e580       ?acos@@YAMM@Z              1000f580 f i util.obj
 0001:0000e5a0       ?fix_movement@u@@YAXVvector@@@Z 1000f5a0 f   util.obj
 0001:0000e680       ?fix_movement@u@@YAXVvector@@MM@Z 1000f680 f   util.obj
 0001:0000e850       ?get_fov@u@@YAMABVvector@@00@Z 1000f850 f   util.obj
 0001:0000e900       ?make_vector@u@@YAXABVvector@@AAV2@@Z 1000f900 f i util.obj
 0001:0000e9f0       ?radius_to_degree@u@@YAMM@Z 1000f9f0 f i util.obj
 0001:0000ea10       _acosf                     1000fa10 f i util.obj
 0001:0000ea30       _fabsf                     1000fa30 f i util.obj
 0001:0000ea50       ??0events@@QAE@XZ          1000fa50 f i main.obj
 0001:0000ea70       ??0igameeventlistener@@QAE@XZ 1000fa70 f i main.obj
 0001:0000ea90       ??0player_hurt_listener@events@@QAE@XZ 1000fa90 f i main.obj
 0001:0000eab0       ??1igameeventlistener@@UAE@XZ 1000fab0 f i main.obj
 0001:0000ead0       ??1player_hurt_listener@events@@UAE@XZ 1000fad0 f i main.obj
 0001:0000eaf0       ??_Eigameeventlistener@@UAEPAXI@Z 1000faf0 f i main.obj
 0001:0000eaf0       ??_Gigameeventlistener@@UAEPAXI@Z 1000faf0 f i main.obj
 0001:0000eb20       ??_Eplayer_hurt_listener@events@@UAEPAXI@Z 1000fb20 f i main.obj
 0001:0000eb20       ??_Gplayer_hurt_listener@events@@UAEPAXI@Z 1000fb20 f i main.obj
 0001:0000eb50       ?fire_game_event@player_hurt_listener@events@@UAEXPAVigameevent@@@Z 1000fb50 f i main.obj
 0001:0000eb70       ?get_event_debug_id@igameeventlistener@@UAEHXZ 1000fb70 f i main.obj
 0001:0000eb70       ?get_event_debug_id@player_hurt_listener@events@@UAEHXZ 1000fb70 f i main.obj
 0001:0000eb80       ?init@@YGKPAX@Z            1000fb80 f   main.obj
 0001:0000ebb0       ?initialize@events@@QAEXXZ 1000fbb0 f i main.obj
 0001:0000ebd0       ?singleton@events@@SAPAV1@XZ 1000fbd0 f i main.obj
 0001:0000ec90       _DllMain@12                1000fc90 f   main.obj
 0001:0000ed10       ??0menu_item_t@@QAE@XZ     1000fd10 f i menu.obj
 0001:0000ed30       ??1menu_item_t@@QAE@XZ     1000fd30 f i menu.obj
 0001:0000ed50       ??4?$basic_string@DU?$char_traits@D@std@@V?$allocator@D@2@@std@@QAEAAV01@ABV01@@Z 1000fd50 f i menu.obj
 0001:0000ed90       ?_Copy_assign@?$basic_string@DU?$char_traits@D@std@@V?$allocator@D@2@@std@@AAEXABV12@U?$integral_constant@_N$0A@@2@@Z 1000fd90 f i menu.obj
 0001:0000edd0       ?add_menu_entry@menu@@YAHHV?$basic_string@DU?$char_traits@D@std@@V?$allocator@D@2@@std@@PAHHHH@Z 1000fdd0 f   menu.obj
 0001:0000ee80       ?add_menu_entry@menu@@YAHHV?$basic_string@DU?$char_traits@D@std@@V?$allocator@D@2@@std@@PAMMMM@Z 1000fe80 f   menu.obj
 0001:0000ef40       ?add_menu_entry@menu@@YAHHV?$basic_string@DU?$char_traits@D@std@@V?$allocator@D@2@@std@@PA_N@Z 1000ff40 f   menu.obj
 0001:0000efd0       ?add_menu_entry_int_string@menu@@YAHHV?$basic_string@DU?$char_traits@D@std@@V?$allocator@D@2@@std@@PAHHHH@Z 1000ffd0 f   menu.obj
 0001:0000f080       ?draw_menu@menu@@YAXK@Z    10010080 f   menu.obj
 0001:0000fb80       ?handle_input@menu@@YAHH@Z 10010b80 f   menu.obj
 0001:0000ffc0       ?insert_menu_items@menu@@YAXXZ 10010fc0 f   menu.obj
 0001:00011650       ?get_active_weapon@c_baseentity@@QAEPAVbase_weapon@@XZ 10012650 f   c_baseentity.obj
 0001:00011690       ?CRC32_Final@@YAXPAK@Z     10012690 f   checksum_crc.obj
 0001:000116b0       ?CRC32_Init@@YAXPAK@Z      100126b0 f   checksum_crc.obj
 0001:000116c0       ?CRC32_ProcessBuffer@@YAXPAKPBXH@Z 100126c0 f   checksum_crc.obj
 0001:000119f0       ??$add@Vaddress@@@address@@QBE?AV0@H@Z 100129f0 f i setup.obj
 0001:00011a30       ??$get@Vaddress@@@address@@QAE?AV0@I@Z 10012a30 f i setup.obj
 0001:00011b00       ??$make_unique@Vvmt_hook@@$$V$0A@@std@@YA?AV?$unique_ptr@Vvmt_hook@@U?$default_delete@Vvmt_hook@@@std@@@0@XZ 10012b00 f i setup.obj
 0001:00011b90       ??$to@PAVaddress@@@address@@QBEPAV0@XZ 10012b90 f i setup.obj
 0001:00011bb0       ??0address@@QAE@PBX@Z      10012bb0 f i setup.obj
 0001:00011bb0       ??0address@@QAE@I@Z        10012bb0 f i setup.obj
 0001:00011bd0       ??0vmt_hook@@QAE@XZ        10012bd0 f i setup.obj
 0001:00011c20       ??4?$unique_ptr@Vvmt_hook@@U?$default_delete@Vvmt_hook@@@std@@@std@@QAEAAV01@$$QAV01@@Z 10012c20 f i setup.obj
 0001:00011c70       ??4user_cmd@@QAEAAV0@ABV0@@Z 10012c70 f i setup.obj
 0001:00011d90       ??A?$vector@U?$pair@PAVc_baseentity@@Vvector@@@std@@V?$allocator@U?$pair@PAVc_baseentity@@Vvector@@@std@@@2@@std@@QAEAAU?$pair@PAVc_baseentity@@Vvector@@@1@I@Z 10012d90 f i setup.obj
 0001:00011db0       ??R<lambda_b407f95bd3e7fb468004f6bc124a85a3>@@QBE_NPBXI@Z 10012db0 f i setup.obj
 0001:00011e50       ?clear@?$vector@U?$pair@PAVc_baseentity@@Vvector@@@std@@V?$allocator@U?$pair@PAVc_baseentity@@Vvector@@@std@@@2@@std@@QAEXXZ 10012e50 f i setup.obj
 0001:00011ed0       ?create_font@isurface@@QAEKXZ 10012ed0 f i setup.obj
 0001:00011ef0       ?estimate_vftbl_length@vmt_hook@@AAEIPAI@Z 10012ef0 f i setup.obj
 0001:00011f50       ?get_@address@@AAEII@Z     10012f50 f i setup.obj
 0001:00011fb0       ?get_checksum@user_cmd@@QBEKXZ 10012fb0 f i setup.obj
 0001:00012100       ?get_int@convar@@QBEHXZ    10013100 f i setup.obj
 0001:00012120       ?get_name@ipanel@@QAEPBDI@Z 10013120 f i setup.obj
 0001:00012150       ?get_original_function@vmt_hook@@QAEPAXI@Z 10013150 f i setup.obj
 0001:00012170       ?get_size@glow_object_manager@@QAEHXZ 10013170 f i setup.obj
 0001:00012190       ?get_user_cmd@cinput@@QAEPAVuser_cmd@@H@Z 10013190 f i setup.obj
 0001:000121c0       ?get_verified_cmd@cinput@@QAEPAVverified_user_cmd@@H@Z 100131c0 f i setup.obj
 0001:000121f0       ?get_view_punch_angle@c_baseentity@@QAE?AVvector@@XZ 100131f0 f i setup.obj
 0001:00012220       ?hk_create_move@@YGXHM_NAA_N@Z 10013220 f   setup.obj
 0001:00012550       ?hk_create_move_proxy@s@@YIXPAXHHM_N@Z 10013550 f   setup.obj
 0001:00012570       ?hk_do_post_screen_effects@@YI_NPAViclientmodeshared@@PAXPAVview_setup@@@Z 10013570 f   setup.obj
 0001:00012980       ?hk_draw_model_execute@@YIXPAVimodelrender@@PAXPAVimatrendercontext@@ABUdraw_model_state@@ABUmodel_render_info_t@@PAY123M@Z 10013980 f   setup.obj
 0001:00012a50       ?hk_frame_stage_notify@@YIXPAVchlclient@@PAXW4client_frame_stage_t@@@Z 10013a50 f   setup.obj
 0001:00012c00       ?hk_get_viewmodel_fov@@YIMPAViclientmodeshared@@PAX@Z 10013c00 f   setup.obj
 0001:00012ce0       ?hk_key_event@@YIHPAVchlclient@@PAXHHPBD@Z 10013ce0 f   setup.obj
 0001:00012e20       ?hk_override_view@@YIXPAViclientmodeshared@@PAXPAVview_setup@@@Z 10013e20 f   setup.obj
 0001:000130e0       ?hk_paint_traverse@@YIXPAVipanel@@PAXI_N2@Z 100140e0 f   setup.obj
 0001:00013470       ?hook_index@vmt_hook@@QAEXIPAX@Z 10014470 f i setup.obj
 0001:00013490       ?is_unused@glow_object_definition_t@@QBE_NXZ 10014490 f i setup.obj
 0001:00013580       ?ready_to_blast@s@@YA_NXZ  10014580 f   setup.obj
 0001:000135a0       ?reset@?$unique_ptr@Vvmt_hook@@U?$default_delete@Vvmt_hook@@@std@@@std@@QAEXPAVvmt_hook@@@Z 100145a0 f i setup.obj
 0001:00013610       ?safe@address@@SA_NV1@@Z   10014610 f i setup.obj
 0001:00013700       ?search_free_data_page@vmt_hook@@QAEPAIPBDI@Z 10014700 f i setup.obj
 0001:000137e0       ?set_font_glyph_set@isurface@@QAEXAAKPBDHHHHH@Z 100147e0 f i setup.obj
 0001:00013830       ?setup@vmt_hook@@QAE_NPAXPBD@Z 10014830 f i setup.obj
 0001:00013b30       ?setup_hooks@s@@YAXXZ      10014b30 f   setup.obj
 0001:00013d30       ?setup_interfaces@s@@YAXXZ 10014d30 f   setup.obj
 0001:00014040       ?size@?$vector@U?$pair@PAVc_baseentity@@Vvector@@@std@@V?$allocator@U?$pair@PAVc_baseentity@@Vvector@@@std@@@2@@std@@QBEIXZ 10015040 f i setup.obj
 0001:00014070       ?table_is_hooked@@YA?B_NPAXPBD@Z 10015070 f i setup.obj
 0001:000140d8       _K32GetModuleInformation@16 100150d8 f   kernel32:KERNEL32.dll
 0001:000140de       ?_Xlength_error@std@@YAXPBD@Z 100150de f   msvcprt:MSVCP140.dll
 0001:000140e4       ?_Xout_of_range@std@@YAXPBD@Z 100150e4 f   msvcprt:MSVCP140.dll
 0001:000140ea       ?uncaught_exception@std@@YA_NXZ 100150ea f   msvcprt:MSVCP140.dll
 0001:000140f0       ??1_Fac_node@std@@QAE@XZ   100150f0 f i msvcprt:locale0_implib.obj
 0001:00014121       ??1_Fac_tidy_reg_t@std@@QAE@XZ 10015121 f i msvcprt:locale0_implib.obj
 0001:00014148       ?_Facet_Register@std@@YAXPAV_Facet_base@1@@Z 10015148 f   msvcprt:locale0_implib.obj
 0001:00014174       ?_Getgloballocale@locale@std@@CAPAV_Locimp@12@XZ 10015174 f   msvcprt:MSVCP140.dll
 0001:0001417a       ?_Lock@?$basic_streambuf@DU?$char_traits@D@std@@@std@@UAEXXZ 1001517a f   msvcprt:MSVCP140.dll
 0001:00014180       ?_Unlock@?$basic_streambuf@DU?$char_traits@D@std@@@std@@UAEXXZ 10015180 f   msvcprt:MSVCP140.dll
 0001:00014186       ?imbue@?$basic_streambuf@DU?$char_traits@D@std@@@std@@MAEXABVlocale@2@@Z 10015186 f   msvcprt:MSVCP140.dll
 0001:0001418c       ?setbuf@?$basic_streambuf@DU?$char_traits@D@std@@@std@@MAEPAV12@PAD_J@Z 1001518c f   msvcprt:MSVCP140.dll
 0001:00014192       ?showmanyc@?$basic_streambuf@DU?$char_traits@D@std@@@std@@MAE_JXZ 10015192 f   msvcprt:MSVCP140.dll
 0001:00014198       ?sync@?$basic_streambuf@DU?$char_traits@D@std@@@std@@MAEHXZ 10015198 f   msvcprt:MSVCP140.dll
 0001:0001419e       ?uflow@?$basic_streambuf@DU?$char_traits@D@std@@@std@@MAEHXZ 1001519e f   msvcprt:MSVCP140.dll
 0001:000141a4       ?xsgetn@?$basic_streambuf@DU?$char_traits@D@std@@@std@@MAE_JPAD_J@Z 100151a4 f   msvcprt:MSVCP140.dll
 0001:000141aa       ?xsputn@?$basic_streambuf@DU?$char_traits@D@std@@@std@@MAE_JPBD_J@Z 100151aa f   msvcprt:MSVCP140.dll
 0001:000141b0       ??2@YAPAXI@Z               100151b0 f   MSVCRT:new_scalar.obj
 0001:000141e0       ??3@YAXPAXI@Z              100151e0 f   MSVCRT:delete_scalar_size.obj
 0001:000142b3       __Init_thread_abort        100152b3 f   MSVCRT:thread_safe_statics.obj
 0001:000142d7       __Init_thread_footer       100152d7 f   MSVCRT:thread_safe_statics.obj
 0001:00014321       __Init_thread_header       10015321 f   MSVCRT:thread_safe_statics.obj
 0001:00014373       __Init_thread_notify       10015373 f   MSVCRT:thread_safe_statics.obj
 0001:000143a9       __Init_thread_wait         100153a9 f   MSVCRT:thread_safe_statics.obj
 0001:000143f7       @__security_check_cookie@4 100153f7 f   MSVCRT:secchk.obj
 0001:00014410       __alloca_probe             10015410 f   MSVCRT:chkstk.obj
 0001:00014410       __chkstk                   10015410 f   MSVCRT:chkstk.obj
 0001:0001443d       ??_Etype_info@@UAEPAXI@Z   1001543d f i MSVCRT:std_type_info_static.obj
 0001:0001443d       ??_Gtype_info@@UAEPAXI@Z   1001543d f i MSVCRT:std_type_info_static.obj
 0001:000144a4       ___scrt_acquire_startup_lock 100154a4 f   MSVCRT:utility.obj
 0001:000144d6       ___scrt_dllmain_after_initialize_c 100154d6 f   MSVCRT:utility.obj
 0001:00014501       ___scrt_dllmain_before_initialize_c 10015501 f   MSVCRT:utility.obj
 0001:0001450f       ___scrt_dllmain_crt_thread_attach 1001550f f   MSVCRT:utility.obj
 0001:0001452e       ___scrt_dllmain_crt_thread_detach 1001552e f   MSVCRT:utility.obj
 0001:0001453b       ___scrt_dllmain_exception_filter 1001553b f   MSVCRT:utility.obj
 0001:0001456f       ___scrt_dllmain_uninitialize_c 1001556f f   MSVCRT:utility.obj
 0001:00014592       ___scrt_dllmain_uninitialize_critical 10015592 f   MSVCRT:utility.obj
 0001:0001459f       ___scrt_initialize_crt     1001559f f   MSVCRT:utility.obj
 0001:000145d8       ___scrt_initialize_onexit_tables 100155d8 f   MSVCRT:utility.obj
 0001:0001465f       ___scrt_is_nonwritable_in_current_image 1001565f f   MSVCRT:utility.obj
 0001:000146f3       ___scrt_release_startup_lock 100156f3 f   MSVCRT:utility.obj
 0001:00014710       ___scrt_uninitialize_crt   10015710 f   MSVCRT:utility.obj
 0001:00014738       __onexit                   10015738 f   MSVCRT:utility.obj
 0001:00014765       _atexit                    10015765 f   MSVCRT:utility.obj
 0001:0001477a       ??_V@YAXPAX@Z              1001577a f   MSVCRT:delete_array.obj
 0001:0001477f       ??_L@YGXPAXIIP6EX0@Z1@Z    1001577f f   MSVCRT:ehvecctr.obj
 0001:000147f3       ??_M@YGXPAXIIP6EX0@Z@Z     100157f3 f   MSVCRT:ehvecdtr.obj
 0001:00014878       ?__ArrayUnwind@@YGXPAXIIP6EX0@Z@Z 10015878 f   MSVCRT:ehvecdtr.obj
 0001:00014908       ??_U@YAPAXI@Z              10015908 f   MSVCRT:new_array.obj
 0001:00014c2c       __DllMainCRTStartup@12     10015c2c f   MSVCRT:dll_dllmain.obj
 0001:00014c4f       @_guard_check_icall_nop@4  10015c4f f i MSVCRT:guard_support.obj
 0001:00014c50       ??0bad_alloc@std@@QAE@XZ   10015c50 f i MSVCRT:throw_bad_alloc.obj
 0001:00014c68       ?__scrt_throw_std_bad_alloc@@YAXXZ 10015c68 f   MSVCRT:throw_bad_alloc.obj
 0001:00014c85       ?__scrt_throw_std_bad_array_new_length@@YAXXZ 10015c85 f   MSVCRT:throw_bad_alloc.obj
 0001:00014ca2       ??3@YAXPAX@Z               10015ca2 f   MSVCRT:delete_scalar.obj
 0001:00014ca7       ___scrt_fastfail           10015ca7 f   MSVCRT:utility_desktop.obj
 0001:00014dc1       __crt_debugger_hook        10015dc1 f   MSVCRT:utility_desktop.obj
 0001:00014dc9       ___raise_securityfailure   10015dc9 f   MSVCRT:gs_report.obj
 0001:00014df1       ___report_gsfailure        10015df1 f   MSVCRT:gs_report.obj
 0001:00014eec       ___isa_available_init      10015eec f   MSVCRT:cpu_disp.obj
 0001:000150ac       __get_startup_argv_mode    100160ac f   MSVCRT:argv_mode.obj
 0001:000150b0       ___scrt_is_ucrt_dll_in_use 100160b0 f   MSVCRT:ucrt_detection.obj
 0001:000150c0       __SEH_prolog4              100160c0 f   MSVCRT:sehprolg4.obj
 0001:00015106       __SEH_epilog4              10016106 f   MSVCRT:sehprolg4.obj
 0001:0001511b       __except_handler4          1001611b f   MSVCRT:chandler4gs.obj
 0001:00015197       ___security_init_cookie    10016197 f   MSVCRT:gs_support.obj
 0001:000151e2       ?__scrt_initialize_type_info@@YAXXZ 100161e2 f   MSVCRT:tncleanup.obj
 0001:000151ee       ?__scrt_uninitialize_type_info@@YAXXZ 100161ee f   MSVCRT:tncleanup.obj
 0001:000151fa       ___local_stdio_scanf_options 100161fa f i MSVCRT:default_local_stdio_options.obj
 0001:00015200       ___scrt_initialize_default_local_stdio_options 10016200 f   MSVCRT:default_local_stdio_options.obj
 0001:0001521d       ___scrt_get_dyn_tls_init_callback 1001621d f   MSVCRT:dyn_tls_init.obj
 0001:00015223       __RTC_Initialize           10016223 f   MSVCRT:initsect.obj
 0001:0001524f       __RTC_Terminate            1001624f f   MSVCRT:initsect.obj
 0001:0001527b       __purecall                 1001627b f   vcruntime:VCRUNTIME140.dll
 0001:00015281       ___std_exception_copy      10016281 f   vcruntime:VCRUNTIME140.dll
 0001:00015287       ___std_exception_destroy   10016287 f   vcruntime:VCRUNTIME140.dll
 0001:0001528d       __CxxThrowException@8      1001628d f   vcruntime:VCRUNTIME140.dll
 0001:00015293       ___CxxFrameHandler3        10016293 f   vcruntime:VCRUNTIME140.dll
 0001:00015299       _memcpy                    10016299 f   vcruntime:VCRUNTIME140.dll
 0001:0001529f       _memmove                   1001629f f   vcruntime:VCRUNTIME140.dll
 0001:000152a5       _strstr                    100162a5 f   vcruntime:VCRUNTIME140.dll
 0001:000152ab       _memchr                    100162ab f   vcruntime:VCRUNTIME140.dll
 0001:000152b1       _memcmp                    100162b1 f   vcruntime:VCRUNTIME140.dll
 0001:000152b7       _memset                    100162b7 f   vcruntime:VCRUNTIME140.dll
 0001:000152bd       ___current_exception       100162bd f   vcruntime:VCRUNTIME140.dll
 0001:000152c3       ___current_exception_context 100162c3 f   vcruntime:VCRUNTIME140.dll
 0001:000152c9       __except_handler4_common   100162c9 f   vcruntime:VCRUNTIME140.dll
 0001:000152cf       ___std_type_info_destroy_list 100162cf f   vcruntime:VCRUNTIME140.dll
 0001:000152d5       __CIatan2                  100162d5 f   ucrt:api-ms-win-crt-math-l1-1-0.dll
 0001:000152db       __libm_sse2_cos_precise    100162db f   ucrt:api-ms-win-crt-math-l1-1-0.dll
 0001:000152e1       __libm_sse2_sin_precise    100162e1 f   ucrt:api-ms-win-crt-math-l1-1-0.dll
 0001:000152e7       __libm_sse2_sqrt_precise   100162e7 f   ucrt:api-ms-win-crt-math-l1-1-0.dll
 0001:000152ed       __libm_sse2_tan_precise    100162ed f   ucrt:api-ms-win-crt-math-l1-1-0.dll
 0001:000152f3       __libm_sse2_acos_precise   100162f3 f   ucrt:api-ms-win-crt-math-l1-1-0.dll
 0001:000152f9       __callnewh                 100162f9 f   ucrt:api-ms-win-crt-heap-l1-1-0.dll
 0001:000152ff       _malloc                    100162ff f   ucrt:api-ms-win-crt-heap-l1-1-0.dll
 0001:00015305       __seh_filter_dll           10016305 f   ucrt:api-ms-win-crt-runtime-l1-1-0.dll
 0001:0001530b       __configure_narrow_argv    1001630b f   ucrt:api-ms-win-crt-runtime-l1-1-0.dll
 0001:00015311       __initialize_narrow_environment 10016311 f   ucrt:api-ms-win-crt-runtime-l1-1-0.dll
 0001:00015317       __initialize_onexit_table  10016317 f   ucrt:api-ms-win-crt-runtime-l1-1-0.dll
 0001:0001531d       __register_onexit_function 1001631d f   ucrt:api-ms-win-crt-runtime-l1-1-0.dll
 0001:00015323       __execute_onexit_table     10016323 f   ucrt:api-ms-win-crt-runtime-l1-1-0.dll
 0001:00015329       __crt_atexit               10016329 f   ucrt:api-ms-win-crt-runtime-l1-1-0.dll
 0001:0001532f       __cexit                    1001632f f   ucrt:api-ms-win-crt-runtime-l1-1-0.dll
 0001:00015335       _terminate                 10016335 f   ucrt:api-ms-win-crt-runtime-l1-1-0.dll
 0001:0001533b       __initterm                 1001633b f   ucrt:api-ms-win-crt-runtime-l1-1-0.dll
 0001:00015341       __initterm_e               10016341 f   ucrt:api-ms-win-crt-runtime-l1-1-0.dll
 0001:00015347       _free                      10016347 f   ucrt:api-ms-win-crt-heap-l1-1-0.dll
 0001:0001534d       _IsProcessorFeaturePresent@4 1001634d f   kernel32:KERNEL32.dll
 0001:00015353       ___acrt_uninitialize_critical 10016353 f   MSVCRT:ucrt_stubs.obj
 0001:00015353       ___scrt_stub_for_acrt_thread_detach 10016353 f   MSVCRT:ucrt_stubs.obj
 0001:00015353       ___scrt_stub_for_acrt_uninitialize 10016353 f   MSVCRT:ucrt_stubs.obj
 0001:00015353       ___acrt_thread_attach      10016353 f   MSVCRT:ucrt_stubs.obj
 0001:00015353       ___vcrt_uninitialize       10016353 f   MSVCRT:ucrt_stubs.obj
 0001:00015353       ___acrt_uninitialize       10016353 f   MSVCRT:ucrt_stubs.obj
 0001:00015353       ___scrt_stub_for_acrt_uninitialize_critical 10016353 f   MSVCRT:ucrt_stubs.obj
 0001:00015353       ___scrt_stub_for_acrt_initialize 10016353 f   MSVCRT:ucrt_stubs.obj
 0001:00015353       ___scrt_stub_for_acrt_thread_attach 10016353 f   MSVCRT:ucrt_stubs.obj
 0001:00015353       ___acrt_thread_detach      10016353 f   MSVCRT:ucrt_stubs.obj
 0001:00015353       ___acrt_initialize         10016353 f   MSVCRT:ucrt_stubs.obj
 0001:00015353       ___vcrt_initialize         10016353 f   MSVCRT:ucrt_stubs.obj
 0001:00015353       ___vcrt_uninitialize_critical 10016353 f   MSVCRT:ucrt_stubs.obj
 0001:00015353       ___vcrt_thread_attach      10016353 f   MSVCRT:ucrt_stubs.obj
 0001:00015353       ___vcrt_thread_detach      10016353 f   MSVCRT:ucrt_stubs.obj
 0001:00015356       __is_c_termination_complete 10016356 f   MSVCRT:ucrt_stubs.obj
 0001:00015356       ___scrt_stub_for_is_c_termination_complete 10016356 f   MSVCRT:ucrt_stubs.obj
 0001:00015359       __filter_x86_sse2_floating_point_exception_default 10016359 f   MSVCRT:x86_exception_filter.obj
 0001:00015359       __filter_x86_sse2_floating_point_exception 10016359 f   MSVCRT:x86_exception_filter.obj
 0002:00000000       __imp__GetCurrentProcess@0 10017000     kernel32:KERNEL32.dll
 0002:00000004       __imp__GetModuleHandleA@4  10017004     kernel32:KERNEL32.dll
 0002:00000008       __imp__GetProcAddress@8    10017008     kernel32:KERNEL32.dll
 0002:0000000c       __imp__K32GetModuleInformation@16 1001700c     kernel32:KERNEL32.dll
 0002:00000010       __imp__MultiByteToWideChar@24 10017010     kernel32:KERNEL32.dll
 0002:00000014       __imp__VirtualProtect@16   10017014     kernel32:KERNEL32.dll
 0002:00000018       __imp__CloseHandle@4       10017018     kernel32:KERNEL32.dll
 0002:0000001c       __imp__CreateThread@24     1001701c     kernel32:KERNEL32.dll
 0002:00000020       __imp__DisableThreadLibraryCalls@4 10017020     kernel32:KERNEL32.dll
 0002:00000024       __imp__FreeLibraryAndExitThread@8 10017024     kernel32:KERNEL32.dll
 0002:00000028       __imp__Beep@8              10017028     kernel32:KERNEL32.dll
 0002:0000002c       __imp__VirtualQuery@12     1001702c     kernel32:KERNEL32.dll
 0002:00000030       __imp__GetSystemTimeAsFileTime@4 10017030     kernel32:KERNEL32.dll
 0002:00000034       __imp__GetCurrentThreadId@0 10017034     kernel32:KERNEL32.dll
 0002:00000038       __imp__GetCurrentProcessId@0 10017038     kernel32:KERNEL32.dll
 0002:0000003c       __imp__QueryPerformanceCounter@4 1001703c     kernel32:KERNEL32.dll
 0002:00000040       __imp__TerminateProcess@8  10017040     kernel32:KERNEL32.dll
 0002:00000044       __imp__IsProcessorFeaturePresent@4 10017044     kernel32:KERNEL32.dll
 0002:00000048       __imp__SetUnhandledExceptionFilter@4 10017048     kernel32:KERNEL32.dll
 0002:0000004c       __imp__UnhandledExceptionFilter@4 1001704c     kernel32:KERNEL32.dll
 0002:00000050       __imp__IsDebuggerPresent@0 10017050     kernel32:KERNEL32.dll
 0002:00000054       __imp__GetModuleHandleW@4  10017054     kernel32:KERNEL32.dll
 0002:00000058       __imp__CreateEventW@16     10017058     kernel32:KERNEL32.dll
 0002:0000005c       __imp__WaitForSingleObjectEx@12 1001705c     kernel32:KERNEL32.dll
 0002:00000060       __imp__ResetEvent@4        10017060     kernel32:KERNEL32.dll
 0002:00000064       __imp__SetEvent@4          10017064     kernel32:KERNEL32.dll
 0002:00000068       __imp__DeleteCriticalSection@4 10017068     kernel32:KERNEL32.dll
 0002:0000006c       __imp__InitializeCriticalSectionAndSpinCount@8 1001706c     kernel32:KERNEL32.dll
 0002:00000070       __imp__LeaveCriticalSection@4 10017070     kernel32:KERNEL32.dll
 0002:00000074       __imp__EnterCriticalSection@4 10017074     kernel32:KERNEL32.dll
 0002:00000078       __imp__InitializeSListHead@4 10017078     kernel32:KERNEL32.dll
 0002:0000007c       \177KERNEL32_NULL_THUNK_DATA 1001707c     kernel32:KERNEL32.dll
 0002:00000080       __imp_??1?$basic_streambuf@DU?$char_traits@D@std@@@std@@UAE@XZ 10017080     msvcprt:MSVCP140.dll
 0002:00000084       __imp_?sputc@?$basic_streambuf@DU?$char_traits@D@std@@@std@@QAEHD@Z 10017084     msvcprt:MSVCP140.dll
 0002:00000088       __imp_?sputn@?$basic_streambuf@DU?$char_traits@D@std@@@std@@QAE_JPBD_J@Z 10017088     msvcprt:MSVCP140.dll
 0002:0000008c       __imp_?eback@?$basic_streambuf@DU?$char_traits@D@std@@@std@@IBEPADXZ 1001708c     msvcprt:MSVCP140.dll
 0002:00000090       __imp_?gptr@?$basic_streambuf@DU?$char_traits@D@std@@@std@@IBEPADXZ 10017090     msvcprt:MSVCP140.dll
 0002:00000094       __imp_?pbase@?$basic_streambuf@DU?$char_traits@D@std@@@std@@IBEPADXZ 10017094     msvcprt:MSVCP140.dll
 0002:00000098       __imp_?pptr@?$basic_streambuf@DU?$char_traits@D@std@@@std@@IBEPADXZ 10017098     msvcprt:MSVCP140.dll
 0002:0000009c       __imp_?egptr@?$basic_streambuf@DU?$char_traits@D@std@@@std@@IBEPADXZ 1001709c     msvcprt:MSVCP140.dll
 0002:000000a0       __imp_?gbump@?$basic_streambuf@DU?$char_traits@D@std@@@std@@IAEXH@Z 100170a0     msvcprt:MSVCP140.dll
 0002:000000a4       __imp_?setg@?$basic_streambuf@DU?$char_traits@D@std@@@std@@IAEXPAD00@Z 100170a4     msvcprt:MSVCP140.dll
 0002:000000a8       __imp_?epptr@?$basic_streambuf@DU?$char_traits@D@std@@@std@@IBEPADXZ 100170a8     msvcprt:MSVCP140.dll
 0002:000000ac       __imp_?setp@?$basic_streambuf@DU?$char_traits@D@std@@@std@@IAEXPAD0@Z 100170ac     msvcprt:MSVCP140.dll
 0002:000000b0       __imp_?setp@?$basic_streambuf@DU?$char_traits@D@std@@@std@@IAEXPAD00@Z 100170b0     msvcprt:MSVCP140.dll
 0002:000000b4       __imp_?_Pninc@?$basic_streambuf@DU?$char_traits@D@std@@@std@@IAEPADXZ 100170b4     msvcprt:MSVCP140.dll
 0002:000000b8       __imp_??1?$basic_ios@DU?$char_traits@D@std@@@std@@UAE@XZ 100170b8     msvcprt:MSVCP140.dll
 0002:000000bc       __imp_?setstate@?$basic_ios@DU?$char_traits@D@std@@@std@@QAEXH_N@Z 100170bc     msvcprt:MSVCP140.dll
 0002:000000c0       __imp_?tie@?$basic_ios@DU?$char_traits@D@std@@@std@@QBEPAV?$basic_ostream@DU?$char_traits@D@std@@@2@XZ 100170c0     msvcprt:MSVCP140.dll
 0002:000000c4       __imp_?rdbuf@?$basic_ios@DU?$char_traits@D@std@@@std@@QBEPAV?$basic_streambuf@DU?$char_traits@D@std@@@2@XZ 100170c4     msvcprt:MSVCP140.dll
 0002:000000c8       __imp_?fill@?$basic_ios@DU?$char_traits@D@std@@@std@@QBEDXZ 100170c8     msvcprt:MSVCP140.dll
 0002:000000cc       __imp_??0?$basic_ios@DU?$char_traits@D@std@@@std@@IAE@XZ 100170cc     msvcprt:MSVCP140.dll
 0002:000000d0       __imp_?_Osfx@?$basic_ostream@DU?$char_traits@D@std@@@std@@QAEXXZ 100170d0     msvcprt:MSVCP140.dll
 0002:000000d4       __imp_?flush@?$basic_ostream@DU?$char_traits@D@std@@@std@@QAEAAV12@XZ 100170d4     msvcprt:MSVCP140.dll
 0002:000000d8       __imp_??0?$basic_iostream@DU?$char_traits@D@std@@@std@@QAE@PAV?$basic_streambuf@DU?$char_traits@D@std@@@1@@Z 100170d8     msvcprt:MSVCP140.dll
[...]
 0002:00002510       __unwindtable$??0?$basic_string@DU?$char_traits@D@std@@V?$allocator@D@2@@std@@QAE@ABV01@IIABV?$allocator@D@1@@Z 10019510     misc.obj
 0002:00002510       __unwindtable$??0?$basic_string@DU?$char_traits@D@std@@V?$allocator@D@2@@std@@QAE@QBD@Z 10019510     misc.obj
 0002:00002510       __unwindtable$??$?0PADX@?$basic_string@DU?$char_traits@D@std@@V?$allocator@D@2@@std@@QAE@PAD0ABV?$allocator@D@1@@Z 10019510     visuals.obj
 0002:00002518       __ehfuncinfo$??0?$basic_string@DU?$char_traits@D@std@@V?$allocator@D@2@@std@@QAE@ABV01@IIABV?$allocator@D@1@@Z 10019518     misc.obj
 0002:00002518       __ehfuncinfo$??0?$basic_string@DU?$char_traits@D@std@@V?$allocator@D@2@@std@@QAE@QBD@Z 10019518     misc.obj
 0002:00002518       __ehfuncinfo$??$?0PADX@?$basic_string@DU?$char_traits@D@std@@V?$allocator@D@2@@std@@QAE@PAD0ABV?$allocator@D@1@@Z 10019518     visuals.obj
 0002:0000253c       __unwindtable$?clan_tag@m@@YAXXZ 1001953c     misc.obj
 0002:0000253c       __unwindtable$?clan_tag_og@m@@YAXXZ 1001953c     misc.obj
 0002:0000254c       __ehfuncinfo$?clan_tag@m@@YAXXZ 1001954c     misc.obj
 0002:0000254c       __ehfuncinfo$?clan_tag_og@m@@YAXXZ 1001954c     misc.obj
 0002:00002570       __unwindtable$?crosshair@m@@YAXXZ 10019570     misc.obj
 0002:00002580       __ehfuncinfo$?crosshair@m@@YAXXZ 10019580     misc.obj
 0002:000025a4       __unwindtable$?viewmodel@m@@YAXXZ 100195a4     misc.obj
 0002:000025bc       __ehfuncinfo$?viewmodel@m@@YAXXZ 100195bc     misc.obj
 0002:000025e0       __unwindtable$?set_clan_tag@m@@YAXPBD@Z 100195e0     misc.obj
 0002:000025e8       __ehfuncinfo$?set_clan_tag@m@@YAXPBD@Z 100195e8     misc.obj
 0002:0000260c       __unwindtable$?projectiles@v@@YAXPAVc_baseentity@@Vcolor@@K@Z 1001960c     visuals.obj
 0002:0000261c       __ehfuncinfo$?projectiles@v@@YAXPAVc_baseentity@@Vcolor@@K@Z 1001961c     visuals.obj
 0002:00002640       __unwindtable$?players@v@@YAXMMMMUplayer_info_s@@PAVc_baseentity@@Vcolor@@KVvector@@33@Z 10019640     visuals.obj
 0002:00002648       __ehfuncinfo$?players@v@@YAXMMMMUplayer_info_s@@PAVc_baseentity@@Vcolor@@KVvector@@33@Z 10019648     visuals.obj
 0002:0000266c       __unwindtable$?arrows@v@@YAXXZ 1001966c     visuals.obj
 0002:00002684       __ehfuncinfo$?arrows@v@@YAXXZ 10019684     visuals.obj
 0002:000026a8       __ehfuncinfo$?user@v@@YAXXZ 100196a8     visuals.obj
 0002:000026cc       __unwindtable$?user@v@@YAXXZ 100196cc     visuals.obj
 0002:00002704       __ehfuncinfo$?watermark@v@@YAXXZ 10019704     visuals.obj
 0002:00002728       __unwindtable$?watermark@v@@YAXXZ 10019728     visuals.obj
 0002:00002760       __unwindtable$??0?$basic_stringstream@DU?$char_traits@D@std@@V?$allocator@D@2@@std@@QAE@H@Z 10019760     visuals.obj
 0002:00002770       __ehfuncinfo$??0?$basic_stringstream@DU?$char_traits@D@std@@V?$allocator@D@2@@std@@QAE@H@Z 10019770     visuals.obj
 0002:00002794       __unwindtable$??0?$basic_stringbuf@DU?$char_traits@D@std@@V?$allocator@D@2@@std@@QAE@H@Z 10019794     visuals.obj
 0002:0000279c       __ehfuncinfo$??0?$basic_stringbuf@DU?$char_traits@D@std@@V?$allocator@D@2@@std@@QAE@H@Z 1001979c     visuals.obj
 0002:000027c0       __unwindtable$?str@?$basic_stringbuf@DU?$char_traits@D@std@@V?$allocator@D@2@@std@@QBE?AV?$basic_string@DU?$char_traits@D@std@@V?$allocator@D@2@@2@XZ 100197c0     visuals.obj
 0002:000027c8       __ehfuncinfo$?str@?$basic_stringbuf@DU?$char_traits@D@std@@V?$allocator@D@2@@std@@QBE?AV?$basic_string@DU?$char_traits@D@std@@V?$allocator@D@2@@2@XZ 100197c8     visuals.obj
 0002:000027ec       __catchsym$??$?6U?$char_traits@D@std@@@std@@YAAAV?$basic_ostream@DU?$char_traits@D@std@@@0@AAV10@PBD@Z$3 100197ec     visuals.obj
 0002:000027fc       __tryblocktable$??$?6U?$char_traits@D@std@@@std@@YAAAV?$basic_ostream@DU?$char_traits@D@std@@@0@AAV10@PBD@Z 100197fc     visuals.obj
 0002:00002810       __unwindtable$??$?6U?$char_traits@D@std@@@std@@YAAAV?$basic_ostream@DU?$char_traits@D@std@@@0@AAV10@PBD@Z 10019810     visuals.obj
 0002:00002828       __ehfuncinfo$??$?6U?$char_traits@D@std@@@std@@YAAAV?$basic_ostream@DU?$char_traits@D@std@@@0@AAV10@PBD@Z 10019828     visuals.obj
 0002:0000284c       __catchsym$??$?6DU?$char_traits@D@std@@D@std@@YAAAV?$basic_ostream@DU?$char_traits@D@std@@@0@AAV10@ABU?$_Timeobj@DPBUtm@@@0@@Z$4 1001984c     visuals.obj
 0002:0000285c       __tryblocktable$??$?6DU?$char_traits@D@std@@D@std@@YAAAV?$basic_ostream@DU?$char_traits@D@std@@@0@AAV10@ABU?$_Timeobj@DPBUtm@@@0@@Z 1001985c     visuals.obj
 0002:00002870       __unwindtable$??$?6DU?$char_traits@D@std@@D@std@@YAAAV?$basic_ostream@DU?$char_traits@D@std@@@0@AAV10@ABU?$_Timeobj@DPBUtm@@@0@@Z 10019870     visuals.obj
 0002:00002890       __ehfuncinfo$??$?6DU?$char_traits@D@std@@D@std@@YAAAV?$basic_ostream@DU?$char_traits@D@std@@@0@AAV10@ABU?$_Timeobj@DPBUtm@@@0@@Z 10019890     visuals.obj
 0002:000028b4       __unwindtable$??0sentry@?$basic_ostream@DU?$char_traits@D@std@@@std@@QAE@AAV12@@Z 100198b4     visuals.obj
 0002:000028bc       __ehfuncinfo$??0sentry@?$basic_ostream@DU?$char_traits@D@std@@@std@@QAE@AAV12@@Z 100198bc     visuals.obj
 0002:000028e0       __catchsym$??$_Insert_string@DU?$char_traits@D@std@@I@std@@YAAAV?$basic_ostream@DU?$char_traits@D@std@@@0@AAV10@QBDI@Z$3 100198e0     visuals.obj
 0002:000028f0       __tryblocktable$??$_Insert_string@DU?$char_traits@D@std@@I@std@@YAAAV?$basic_ostream@DU?$char_traits@D@std@@@0@AAV10@QBDI@Z 100198f0     visuals.obj
 0002:00002904       __unwindtable$??$_Insert_string@DU?$char_traits@D@std@@I@std@@YAAAV?$basic_ostream@DU?$char_traits@D@std@@@0@AAV10@QBDI@Z 10019904     visuals.obj
 0002:0000291c       __ehfuncinfo$??$_Insert_string@DU?$char_traits@D@std@@I@std@@YAAAV?$basic_ostream@DU?$char_traits@D@std@@@0@AAV10@QBDI@Z 1001991c     visuals.obj
 0002:00002940       __unwindtable$??$use_facet@V?$time_put@DV?$ostreambuf_iterator@DU?$char_traits@D@std@@@std@@@std@@@std@@YAABV?$time_put@DV?$ostreambuf_iterator@DU?$char_traits@D@std@@@std@@@0@ABVlocale@0@@Z 10019940     visuals.obj
 0002:00002950       __ehfuncinfo$??$use_facet@V?$time_put@DV?$ostreambuf_iterator@DU?$char_traits@D@std@@@std@@@std@@@std@@YAABV?$time_put@DV?$ostreambuf_iterator@DU?$char_traits@D@std@@@std@@@0@ABVlocale@0@@Z 10019950     visuals.obj
 0002:000029ac       __catchsym$?release@vmt_hook@@QAEXXZ$3 100199ac     hooks.obj
 0002:000029bc       __unwindtable$?release@vmt_hook@@QAEXXZ 100199bc     hooks.obj
 0002:000029cc       __tryblocktable$?release@vmt_hook@@QAEXXZ 100199cc     hooks.obj
 0002:000029e0       __ehfuncinfo$?release@vmt_hook@@QAEXXZ 100199e0     hooks.obj
 0002:00002a3c       __unwindtable$?singleton@events@@SAPAV1@XZ 10019a3c     main.obj
 0002:00002a44       __ehfuncinfo$?singleton@events@@SAPAV1@XZ 10019a44     main.obj
 0002:00002a68       __unwindtable$?draw_menu@menu@@YAXK@Z 10019a68     menu.obj
 0002:00002a70       __ehfuncinfo$?draw_menu@menu@@YAXK@Z 10019a70     menu.obj
 0002:00002a94       __unwindtable$?add_menu_entry@menu@@YAHHV?$basic_string@DU?$char_traits@D@std@@V?$allocator@D@2@@std@@PAHHHH@Z 10019a94     menu.obj
 0002:00002a94       __unwindtable$?add_menu_entry@menu@@YAHHV?$basic_string@DU?$char_traits@D@std@@V?$allocator@D@2@@std@@PAMMMM@Z 10019a94     menu.obj
 0002:00002a94       __unwindtable$?add_menu_entry@menu@@YAHHV?$basic_string@DU?$char_traits@D@std@@V?$allocator@D@2@@std@@PA_N@Z 10019a94     menu.obj
 0002:00002a94       __unwindtable$?add_menu_entry_int_string@menu@@YAHHV?$basic_string@DU?$char_traits@D@std@@V?$allocator@D@2@@std@@PAHHHH@Z 10019a94     menu.obj
 0002:00002a9c       __ehfuncinfo$?add_menu_entry@menu@@YAHHV?$basic_string@DU?$char_traits@D@std@@V?$allocator@D@2@@std@@PAHHHH@Z 10019a9c     menu.obj
 0002:00002a9c       __ehfuncinfo$?add_menu_entry@menu@@YAHHV?$basic_string@DU?$char_traits@D@std@@V?$allocator@D@2@@std@@PAMMMM@Z 10019a9c     menu.obj
 0002:00002a9c       __ehfuncinfo$?add_menu_entry@menu@@YAHHV?$basic_string@DU?$char_traits@D@std@@V?$allocator@D@2@@std@@PA_N@Z 10019a9c     menu.obj
 0002:00002a9c       __ehfuncinfo$?add_menu_entry_int_string@menu@@YAHHV?$basic_string@DU?$char_traits@D@std@@V?$allocator@D@2@@std@@PAHHHH@Z 10019a9c     menu.obj
 0002:00002ac0       __unwindtable$?safe@address@@SA_NV1@@Z 10019ac0     setup.obj
 0002:00002ac8       __ehfuncinfo$?safe@address@@SA_NV1@@Z 10019ac8     setup.obj
 0002:00002aec       __catchsym$?setup@vmt_hook@@QAE_NPAXPBD@Z$7 10019aec     setup.obj
 0002:00002afc       __catchsym$?setup@vmt_hook@@QAE_NPAXPBD@Z$6 10019afc     setup.obj
 0002:00002b0c       __ehfuncinfo$?setup@vmt_hook@@QAE_NPAXPBD@Z 10019b0c     setup.obj
 0002:00002b30       __tryblocktable$?setup@vmt_hook@@QAE_NPAXPBD@Z 10019b30     setup.obj
 0002:00002b58       __unwindtable$?setup@vmt_hook@@QAE_NPAXPBD@Z 10019b58     setup.obj
 0002:00002b80       __unwindtable$?setup_interfaces@s@@YAXXZ 10019b80     setup.obj
 0002:00002b98       __ehfuncinfo$?setup_interfaces@s@@YAXXZ 10019b98     setup.obj
 0002:00002bbc       __unwindtable$?hk_create_move@@YGXHM_NAA_N@Z 10019bbc     setup.obj
 0002:00002bc4       __ehfuncinfo$?hk_create_move@@YGXHM_NAA_N@Z 10019bc4     setup.obj
 0002:00002be8       __unwindtable$?hk_do_post_screen_effects@@YI_NPAViclientmodeshared@@PAXPAVview_setup@@@Z 10019be8     setup.obj
 0002:00002bf0       __ehfuncinfo$?hk_do_post_screen_effects@@YI_NPAViclientmodeshared@@PAXPAVview_setup@@@Z 10019bf0     setup.obj
 0002:00002c14       __unwindtable$?hk_get_viewmodel_fov@@YIMPAViclientmodeshared@@PAX@Z 10019c14     setup.obj
 0002:00002c1c       __ehfuncinfo$?hk_get_viewmodel_fov@@YIMPAViclientmodeshared@@PAX@Z 10019c1c     setup.obj
 0002:00002c40       __unwindtable$?hk_key_event@@YIHPAVchlclient@@PAXHHPBD@Z 10019c40     setup.obj
 0002:00002c48       __ehfuncinfo$?hk_key_event@@YIHPAVchlclient@@PAXHHPBD@Z 10019c48     setup.obj
 0002:00002c6c       __unwindtable$?hk_paint_traverse@@YIXPAVipanel@@PAXI_N2@Z 10019c6c     setup.obj
 0002:00002c74       __ehfuncinfo$?hk_paint_traverse@@YIXPAVipanel@@PAXI_N2@Z 10019c74     setup.obj
 0002:00002c98       __unwindtable$?hk_frame_stage_notify@@YIXPAVchlclient@@PAXW4client_frame_stage_t@@@Z 10019c98     setup.obj
 0002:00002ca0       __ehfuncinfo$?hk_frame_stage_notify@@YIXPAVchlclient@@PAXW4client_frame_stage_t@@@Z 10019ca0     setup.obj
 0002:00002cc4       __unwindtable$?hk_override_view@@YIXPAViclientmodeshared@@PAXPAVview_setup@@@Z 10019cc4     setup.obj
 0002:00002ccc       __ehfuncinfo$?hk_override_view@@YIXPAViclientmodeshared@@PAXPAVview_setup@@@Z 10019ccc     setup.obj
 0002:00002cf0       __unwindtable$?hk_draw_model_execute@@YIXPAVimodelrender@@PAXPAVimatrendercontext@@ABUdraw_model_state@@ABUmodel_render_info_t@@PAY123M@Z 10019cf0     setup.obj
 0002:00002cf8       __ehfuncinfo$?hk_draw_model_execute@@YIXPAVimodelrender@@PAXPAVimatrendercontext@@ABUdraw_model_state@@ABUmodel_render_info_t@@PAY123M@Z 10019cf8     setup.obj
 0002:00002d1c       __unwindtable$??$get_method@Vaddress@@@u@@YA?AVaddress@@V1@I@Z 10019d1c     setup.obj
 0002:00002d24       __ehfuncinfo$??$get_method@Vaddress@@@u@@YA?AVaddress@@V1@I@Z 10019d24     setup.obj
 0002:00002d48       __unwindtable$??$make_unique@Vvmt_hook@@$$V$0A@@std@@YA?AV?$unique_ptr@Vvmt_hook@@U?$default_delete@Vvmt_hook@@@std@@@0@XZ 10019d48     setup.obj
 0002:00002d50       __ehfuncinfo$??$make_unique@Vvmt_hook@@$$V$0A@@std@@YA?AV?$unique_ptr@Vvmt_hook@@U?$default_delete@Vvmt_hook@@@std@@@0@XZ 10019d50     setup.obj
 0002:00002d78       __sehtable$___scrt_is_nonwritable_in_current_image 10019d78     MSVCRT:utility.obj
 0002:00002d98       __sehtable$??_L@YGXPAXIIP6EX0@Z1@Z 10019d98     MSVCRT:ehvecctr.obj
 0002:00002db8       __sehtable$??_M@YGXPAXIIP6EX0@Z@Z 10019db8     MSVCRT:ehvecdtr.obj
 0002:00002dd8       __sehtable$?__ArrayUnwind@@YGXPAXIIP6EX0@Z@Z 10019dd8     MSVCRT:ehvecdtr.obj
 0002:00002df8       __sehtable$?dllmain_crt_process_attach@@YAHQAUHINSTANCE__@@QAX@Z 10019df8     MSVCRT:dll_dllmain.obj
 0002:00002e18       __sehtable$?dllmain_crt_process_detach@@YAH_N@Z 10019e18     MSVCRT:dll_dllmain.obj
 0002:00002e38       __sehtable$?dllmain_dispatch@@YAHQAUHINSTANCE__@@KQAX@Z 10019e38     MSVCRT:dll_dllmain.obj
 0002:00003246       .idata$6                   1001a246     kernel32:KERNEL32.dll
 0002:00003e5e       .idata$6                   1001ae5e     msvcprt:MSVCP140.dll
 0002:00003f80       .idata$6                   1001af80     vcruntime:VCRUNTIME140.dll
 0002:00004196       .idata$6                   1001b196     ucrt:api-ms-win-crt-runtime-l1-1-0.dll
 0002:000041b8       .idata$6                   1001b1b8     ucrt:api-ms-win-crt-heap-l1-1-0.dll
 0002:000041d8       .idata$6                   1001b1d8     ucrt:api-ms-win-crt-math-l1-1-0.dll
 0002:000041f8       .idata$6                   1001b1f8     ucrt:api-ms-win-crt-convert-l1-1-0.dll
 0002:0000421a       .idata$6                   1001b21a     ucrt:api-ms-win-crt-time-l1-1-0.dll
 0002:0000423a       .idata$6                   1001b23a     ucrt:api-ms-win-crt-stdio-l1-1-0.dll
 0002:0000425a       .idata$6                   1001b25a     ucrt:api-ms-win-crt-string-l1-1-0.dll
 0003:00000000       ?speed@?1??do_auto_stop@a@@YAXXZ@4MA 1001c000     aimbot.obj
 0003:000000c0       ?init@?1??hk_paint_traverse@@YIXPAVipanel@@PAXI_N2@Z@4_NA 1001c0c0     setup.obj
 0003:00000450       ?delay@?M@??do_auto_revolver@a@@YAXXZ@4HA 1001c450     aimbot.obj
 0003:00000454       ?choked@?1??fake_walk@hvh@@YAXAA_N@Z@4HA 1001c454     hvh.obj
 0003:00000458       ?last_cmd@?1??get_current_time@hvh@@YAMPAVuser_cmd@@@Z@4PAV3@A 1001c458     hvh.obj
 0003:0000045c       ?tick@?1??get_current_time@hvh@@YAMPAVuser_cmd@@@Z@4HA 1001c45c     hvh.obj
 0003:00000460       ?next_lby_update@?1??should_break_lby@hvh@@YA_NXZ@4MA 1001c460     hvh.obj
 0003:00000464       ?set_clan_tag@?1??0m@@YAXPBD@Z@4P6IX00@ZA 1001c464     misc.obj
 0003:00000468       ?$TSS0@?1??set_clan_tag@m@@YAXPBD@Z@4HA 1001c468     misc.obj
 0003:0000046c       ?reverse@?1??clan_tag@m@@YAXXZ@4_NA 1001c46c     misc.obj
 0003:00000470       ?index@?1??clan_tag@m@@YAXXZ@4HA 1001c470     misc.obj
 0003:00000474       ?reverse@?1??clan_tag_og@m@@YAXXZ@4_NA 1001c474     misc.obj
 0003:00000478       ?index@?1??clan_tag_og@m@@YAXXZ@4HA 1001c478     misc.obj
 0003:0000047c       ?jump_released@?1??auto_movement@m@@YAXXZ@4_NA 1001c47c     misc.obj
 0003:00000480       ?crosshair@?1??0m@@YAXXZ@4PAVconvar@@A 1001c480     misc.obj
 0003:00000484       ?$TSS0@?1??crosshair@m@@YAXXZ@4HA 1001c484     misc.obj
 0003:00000488       ?weapon_debug_spread_show@?1??crosshair@m@@YAXXZ@4PAVconvar@@A 1001c488     misc.obj
 0003:0000048c       ?$TSS1@?1??crosshair@m@@YAXXZ@4HA 1001c48c     misc.obj
 0003:00000490       ?viewmodel_offset_x@?1??viewmodel@m@@YAXXZ@4PAVconvar@@A 1001c490     misc.obj
 0003:00000494       ?$TSS0@?1??viewmodel@m@@YAXXZ@4HA 1001c494     misc.obj
 0003:00000498       ?viewmodel_offset_y@?1??viewmodel@m@@YAXXZ@4PAVconvar@@A 1001c498     misc.obj
 0003:0000049c       ?$TSS1@?1??viewmodel@m@@YAXXZ@4HA 1001c49c     misc.obj
 0003:000004a0       ?viewmodel_offset_z@?1??viewmodel@m@@YAXXZ@4PAVconvar@@A 1001c4a0     misc.obj
 0003:000004a4       ?$TSS2@?1??viewmodel@m@@YAXXZ@4HA 1001c4a4     misc.obj
 0003:000004b8       ?fps@?1??watermark@v@@YAXXZ@4HA 1001c4b8     visuals.obj
 0003:000004bc       ?old_tick_count@?1??watermark@v@@YAXXZ@4HA 1001c4bc     visuals.obj
 0003:000004c0       ?fps@?1??user@v@@YAXXZ@4HA 1001c4c0     visuals.obj
 0003:000004c4       ?old_tick_count@?1??user@v@@YAXXZ@4HA 1001c4c4     visuals.obj
 0003:000004c8       ?real_color@?1??arrows@v@@YAXXZ@4Vcolor@@B 1001c4c8     visuals.obj
 0003:000004cc       ?$TSS0@?1??arrows@v@@YAXXZ@4HA 1001c4cc     visuals.obj
 0003:000004d0       ?fake_color@?1??arrows@v@@YAXXZ@4Vcolor@@B 1001c4d0     visuals.obj
 0003:000004d4       ?$TSS1@?1??arrows@v@@YAXXZ@4HA 1001c4d4     visuals.obj
 0003:000004d8       ?lby_color@?1??arrows@v@@YAXXZ@4Vcolor@@B 1001c4d8     visuals.obj
 0003:000004dc       ?$TSS2@?1??arrows@v@@YAXXZ@4HA 1001c4dc     visuals.obj
 0003:00001ce4       ?original_create_move@?1??hk_create_move@@YGXHM_NAA_N@Z@4P6IXPAXHHM0@ZA 1001dce4     setup.obj
 0003:00001ce8       ?$TSS0@?1??hk_create_move@@YGXHM_NAA_N@Z@4HA 1001dce8     setup.obj
 0003:00001cec       ?original_do_post_screen_effects@?1??hk_do_post_screen_effects@@YI_NPAViclientmodeshared@@PAXPAVview_setup@@@Z@4P6I_N012@ZA 1001dcec     setup.obj
 0003:00001cf0       ?$TSS0@?1??hk_do_post_screen_effects@@YI_NPAViclientmodeshared@@PAXPAVview_setup@@@Z@4HA 1001dcf0     setup.obj
 0003:00001cf4       ?original_get_viewmodel_fov@?1??hk_get_viewmodel_fov@@YIMPAViclientmodeshared@@PAX@Z@4P6IM01@ZA 1001dcf4     setup.obj
 0003:00001cf8       ?$TSS0@?1??hk_get_viewmodel_fov@@YIMPAViclientmodeshared@@PAX@Z@4HA 1001dcf8     setup.obj
 0003:00001cfc       ?original_key_event@?1??hk_key_event@@YIHPAVchlclient@@PAXHHPBD@Z@4P6IH01HH2@ZA 1001dcfc     setup.obj
 0003:00001d00       ?$TSS0@?1??hk_key_event@@YIHPAVchlclient@@PAXHHPBD@Z@4HA 1001dd00     setup.obj
 0003:00001d04       ?original_paint_traverse@?1??hk_paint_traverse@@YIXPAVipanel@@PAXI_N2@Z@4P6IX01I22@ZA 1001dd04     setup.obj
 0003:00001d08       ?$TSS0@?1??hk_paint_traverse@@YIXPAVipanel@@PAXI_N2@Z@4HA 1001dd08     setup.obj
 0003:00001d0c       ?original_frame_stage_notify@?1??hk_frame_stage_notify@@YIXPAVchlclient@@PAXW4client_frame_stage_t@@@Z@4P6IX012@ZA 1001dd0c     setup.obj
 0003:00001d10       ?$TSS0@?1??hk_frame_stage_notify@@YIXPAVchlclient@@PAXW4client_frame_stage_t@@@Z@4HA 1001dd10     setup.obj
 0003:00001d14       ?original_override_view@?1??hk_override_view@@YIXPAViclientmodeshared@@PAXPAVview_setup@@@Z@4P6IX012@ZA 1001dd14     setup.obj
 0003:00001d18       ?$TSS0@?1??hk_override_view@@YIXPAViclientmodeshared@@PAXPAVview_setup@@@Z@4HA 1001dd18     setup.obj
 0003:00001d1c       ?original_draw_model_execute@?1??hk_draw_model_execute@@YIXPAVimodelrender@@PAXPAVimatrendercontext@@ABUdraw_model_state@@ABUmodel_render_info_t@@PAY123M@Z@4P6IX012345@ZA 1001dd1c     setup.obj
 0003:00001d20       ?$TSS0@?1??hk_draw_model_execute@@YIXPAVimodelrender@@PAXPAVimatrendercontext@@ABUdraw_model_state@@ABUmodel_render_info_t@@PAY123M@Z@4HA 1001dd20     setup.obj
 0003:00001d24       ?_Fac_tidy_reg@std@@3U_Fac_tidy_reg_t@1@B 1001dd24     msvcprt:locale0_implib.obj
 0003:00001d28       ?_Fac_head@std@@3PAU_Fac_node@1@A 1001dd28     msvcprt:locale0_implib.obj
 0003:00001d2c       ?g_tss_cv@@3U_RTL_CONDITION_VARIABLE@@A 1001dd2c     MSVCRT:thread_safe_statics.obj
 0003:00001d30       ?g_tss_event@@3PAXA        1001dd30     MSVCRT:thread_safe_statics.obj
 0003:00001d34       ?g_tss_mutex@@3U_RTL_CRITICAL_SECTION@@A 1001dd34     MSVCRT:thread_safe_statics.obj
 0003:00001d4c       ?g_sleep_condition_variable_cs@@3P6GHPAU_RTL_CONDITION_VARIABLE@@PAU_RTL_CRITICAL_SECTION@@K@ZA 1001dd4c     MSVCRT:thread_safe_statics.obj
 0003:00001d50       ?g_wake_all_condition_variable@@3P6GXPAU_RTL_CONDITION_VARIABLE@@@ZA 1001dd50     MSVCRT:thread_safe_statics.obj
 0003:00001d60       ?is_initialized_as_dll@@3_NA 1001dd60     MSVCRT:utility.obj
 0003:00001d61       ?module_local_atexit_table_initialized@@3_NA 1001dd61     MSVCRT:utility.obj
 0003:00001d64       ?module_local_atexit_table@@3U_onexit_table_t@@A 1001dd64     MSVCRT:utility.obj
 0003:00001d70       ?module_local_at_quick_exit_table@@3U_onexit_table_t@@A 1001dd70     MSVCRT:utility.obj
 0003:00001d7c       ?__proc_attached@@3HA      1001dd7c     MSVCRT:dll_dllmain.obj
 0003:00001d88       _GS_ExceptionRecord        1001dd88     MSVCRT:gs_report.obj
 0003:00001dd8       _GS_ContextRecord          1001ddd8     MSVCRT:gs_report.obj
 0004:00000060       $R000000                   1001f060     * linker generated manifest res *
